Archive member included to satisfy reference by file (symbol)

c:/st/stm32cubeide_1.10.1/stm32cubeide/plugins/com.st.stm32cube.ide.mcu.externaltools.gnu-tools-for-stm32.10.3-2021.10.win32_1.0.0.202111181127/tools/bin/../lib/gcc/arm-none-eabi/10.3.1/../../../../arm-none-eabi/lib/thumb/v7e-m+fp/hard\libc_nano.a(lib_a-errno.o)
                              ./Core/Src/syscalls.o (__errno)
c:/st/stm32cubeide_1.10.1/stm32cubeide/plugins/com.st.stm32cube.ide.mcu.externaltools.gnu-tools-for-stm32.10.3-2021.10.win32_1.0.0.202111181127/tools/bin/../lib/gcc/arm-none-eabi/10.3.1/../../../../arm-none-eabi/lib/thumb/v7e-m+fp/hard\libc_nano.a(lib_a-exit.o)
                              c:/st/stm32cubeide_1.10.1/stm32cubeide/plugins/com.st.stm32cube.ide.mcu.externaltools.gnu-tools-for-stm32.10.3-2021.10.win32_1.0.0.202111181127/tools/bin/../lib/gcc/arm-none-eabi/10.3.1/../../../../arm-none-eabi/lib/thumb/v7e-m+fp/hard/crt0.o (exit)
c:/st/stm32cubeide_1.10.1/stm32cubeide/plugins/com.st.stm32cube.ide.mcu.externaltools.gnu-tools-for-stm32.10.3-2021.10.win32_1.0.0.202111181127/tools/bin/../lib/gcc/arm-none-eabi/10.3.1/../../../../arm-none-eabi/lib/thumb/v7e-m+fp/hard\libc_nano.a(lib_a-findfp.o)
                              ./Middlewares/Third_Party/FreeRTOS/tasks.o (__sf_fake_stderr)
c:/st/stm32cubeide_1.10.1/stm32cubeide/plugins/com.st.stm32cube.ide.mcu.externaltools.gnu-tools-for-stm32.10.3-2021.10.win32_1.0.0.202111181127/tools/bin/../lib/gcc/arm-none-eabi/10.3.1/../../../../arm-none-eabi/lib/thumb/v7e-m+fp/hard\libc_nano.a(lib_a-fwalk.o)
                              c:/st/stm32cubeide_1.10.1/stm32cubeide/plugins/com.st.stm32cube.ide.mcu.externaltools.gnu-tools-for-stm32.10.3-2021.10.win32_1.0.0.202111181127/tools/bin/../lib/gcc/arm-none-eabi/10.3.1/../../../../arm-none-eabi/lib/thumb/v7e-m+fp/hard\libc_nano.a(lib_a-findfp.o) (_fwalk)
c:/st/stm32cubeide_1.10.1/stm32cubeide/plugins/com.st.stm32cube.ide.mcu.externaltools.gnu-tools-for-stm32.10.3-2021.10.win32_1.0.0.202111181127/tools/bin/../lib/gcc/arm-none-eabi/10.3.1/../../../../arm-none-eabi/lib/thumb/v7e-m+fp/hard\libc_nano.a(lib_a-impure.o)
                              c:/st/stm32cubeide_1.10.1/stm32cubeide/plugins/com.st.stm32cube.ide.mcu.externaltools.gnu-tools-for-stm32.10.3-2021.10.win32_1.0.0.202111181127/tools/bin/../lib/gcc/arm-none-eabi/10.3.1/../../../../arm-none-eabi/lib/thumb/v7e-m+fp/hard\libc_nano.a(lib_a-exit.o) (_global_impure_ptr)
c:/st/stm32cubeide_1.10.1/stm32cubeide/plugins/com.st.stm32cube.ide.mcu.externaltools.gnu-tools-for-stm32.10.3-2021.10.win32_1.0.0.202111181127/tools/bin/../lib/gcc/arm-none-eabi/10.3.1/../../../../arm-none-eabi/lib/thumb/v7e-m+fp/hard\libc_nano.a(lib_a-init.o)
                              c:/st/stm32cubeide_1.10.1/stm32cubeide/plugins/com.st.stm32cube.ide.mcu.externaltools.gnu-tools-for-stm32.10.3-2021.10.win32_1.0.0.202111181127/tools/bin/../lib/gcc/arm-none-eabi/10.3.1/../../../../arm-none-eabi/lib/thumb/v7e-m+fp/hard/crt0.o (__libc_init_array)
c:/st/stm32cubeide_1.10.1/stm32cubeide/plugins/com.st.stm32cube.ide.mcu.externaltools.gnu-tools-for-stm32.10.3-2021.10.win32_1.0.0.202111181127/tools/bin/../lib/gcc/arm-none-eabi/10.3.1/../../../../arm-none-eabi/lib/thumb/v7e-m+fp/hard\libc_nano.a(lib_a-lock.o)
                              c:/st/stm32cubeide_1.10.1/stm32cubeide/plugins/com.st.stm32cube.ide.mcu.externaltools.gnu-tools-for-stm32.10.3-2021.10.win32_1.0.0.202111181127/tools/bin/../lib/gcc/arm-none-eabi/10.3.1/../../../../arm-none-eabi/lib/thumb/v7e-m+fp/hard\libc_nano.a(lib_a-findfp.o) (__retarget_lock_init_recursive)
c:/st/stm32cubeide_1.10.1/stm32cubeide/plugins/com.st.stm32cube.ide.mcu.externaltools.gnu-tools-for-stm32.10.3-2021.10.win32_1.0.0.202111181127/tools/bin/../lib/gcc/arm-none-eabi/10.3.1/../../../../arm-none-eabi/lib/thumb/v7e-m+fp/hard\libc_nano.a(lib_a-memcpy-stub.o)
                              ./Middlewares/Third_Party/FreeRTOS/cmsis_os2.o (memcpy)
c:/st/stm32cubeide_1.10.1/stm32cubeide/plugins/com.st.stm32cube.ide.mcu.externaltools.gnu-tools-for-stm32.10.3-2021.10.win32_1.0.0.202111181127/tools/bin/../lib/gcc/arm-none-eabi/10.3.1/../../../../arm-none-eabi/lib/thumb/v7e-m+fp/hard\libc_nano.a(lib_a-memset.o)
                              c:/st/stm32cubeide_1.10.1/stm32cubeide/plugins/com.st.stm32cube.ide.mcu.externaltools.gnu-tools-for-stm32.10.3-2021.10.win32_1.0.0.202111181127/tools/bin/../lib/gcc/arm-none-eabi/10.3.1/../../../../arm-none-eabi/lib/thumb/v7e-m+fp/hard/crt0.o (memset)
c:/st/stm32cubeide_1.10.1/stm32cubeide/plugins/com.st.stm32cube.ide.mcu.externaltools.gnu-tools-for-stm32.10.3-2021.10.win32_1.0.0.202111181127/tools/bin/../lib/gcc/arm-none-eabi/10.3.1/../../../../arm-none-eabi/lib/thumb/v7e-m+fp/hard\libc_nano.a(lib_a-nano-mallocr.o)
[...]
Memory Configuration

Name             Origin             Length             Attributes
FLASH            0x0000000008100000 0x0000000000100000 xr
RAM              0x0000000010000000 0x0000000000048000 xrw
*default*        0x0000000000000000 0xffffffffffffffff

Linker script and memory map

LOAD c:/st/stm32cubeide_1.10.1/stm32cubeide/plugins/com.st.stm32cube.ide.mcu.externaltools.gnu-tools-for-stm32.10.3-2021.10.win32_1.0.0.202111181127/tools/bin/../lib/gcc/arm-none-eabi/10.3.1/thumb/v7e-m+fp/hard/crti.o
LOAD c:/st/stm32cubeide_1.10.1/stm32cubeide/plugins/com.st.stm32cube.ide.mcu.externaltools.gnu-tools-for-stm32.10.3-2021.10.win32_1.0.0.202111181127/tools/bin/../lib/gcc/arm-none-eabi/10.3.1/thumb/v7e-m+fp/hard/crtbegin.o
LOAD c:/st/stm32cubeide_1.10.1/stm32cubeide/plugins/com.st.stm32cube.ide.mcu.externaltools.gnu-tools-for-stm32.10.3-2021.10.win32_1.0.0.202111181127/tools/bin/../lib/gcc/arm-none-eabi/10.3.1/../../../../arm-none-eabi/lib/thumb/v7e-m+fp/hard/crt0.o
LOAD ./Common/Src/system_stm32h7xx_dualcore_boot_cm4_cm7.o
LOAD ./Core/Src/freertos.o
LOAD ./Core/Src/main.o
LOAD ./Core/Src/stm32h7xx_hal_msp.o
LOAD ./Core/Src/stm32h7xx_hal_timebase_tim.o
LOAD ./Core/Src/stm32h7xx_it.o
LOAD ./Core/Src/syscalls.o
LOAD ./Core/Src/sysmem.o
LOAD ./Core/Startup/startup_stm32h745zitx.o
LOAD ./Drivers/STM32H7xx_HAL_Driver/stm32h7xx_hal.o
LOAD ./Drivers/STM32H7xx_HAL_Driver/stm32h7xx_hal_cortex.o
LOAD ./Drivers/STM32H7xx_HAL_Driver/stm32h7xx_hal_dma.o
LOAD ./Drivers/STM32H7xx_HAL_Driver/stm32h7xx_hal_dma_ex.o
LOAD ./Drivers/STM32H7xx_HAL_Driver/stm32h7xx_hal_exti.o
LOAD ./Drivers/STM32H7xx_HAL_Driver/stm32h7xx_hal_flash.o
LOAD ./Drivers/STM32H7xx_HAL_Driver/stm32h7xx_hal_flash_ex.o
LOAD ./Drivers/STM32H7xx_HAL_Driver/stm32h7xx_hal_gpio.o
LOAD ./Drivers/STM32H7xx_HAL_Driver/stm32h7xx_hal_hsem.o
LOAD ./Drivers/STM32H7xx_HAL_Driver/stm32h7xx_hal_i2c.o
LOAD ./Drivers/STM32H7xx_HAL_Driver/stm32h7xx_hal_i2c_ex.o
LOAD ./Drivers/STM32H7xx_HAL_Driver/stm32h7xx_hal_mdma.o
LOAD ./Drivers/STM32H7xx_HAL_Driver/stm32h7xx_hal_pwr.o
LOAD ./Drivers/STM32H7xx_HAL_Driver/stm32h7xx_hal_pwr_ex.o
LOAD ./Drivers/STM32H7xx_HAL_Driver/stm32h7xx_hal_rcc.o
LOAD ./Drivers/STM32H7xx_HAL_Driver/stm32h7xx_hal_rcc_ex.o
LOAD ./Drivers/STM32H7xx_HAL_Driver/stm32h7xx_hal_tim.o
LOAD ./Drivers/STM32H7xx_HAL_Driver/stm32h7xx_hal_tim_ex.o
LOAD ./Drivers/STM32H7xx_HAL_Driver/stm32h7xx_hal_uart.o
LOAD ./Drivers/STM32H7xx_HAL_Driver/stm32h7xx_hal_uart_ex.o
LOAD ./Middlewares/Third_Party/FreeRTOS/cmsis_os2.o
LOAD ./Middlewares/Third_Party/FreeRTOS/croutine.o
LOAD ./Middlewares/Third_Party/FreeRTOS/event_groups.o
LOAD ./Middlewares/Third_Party/FreeRTOS/heap_4.o
LOAD ./Middlewares/Third_Party/FreeRTOS/list.o
LOAD ./Middlewares/Third_Party/FreeRTOS/port.o
LOAD ./Middlewares/Third_Party/FreeRTOS/queue.o
LOAD ./Middlewares/Third_Party/FreeRTOS/stream_buffer.o
LOAD ./Middlewares/Third_Party/FreeRTOS/tasks.o
LOAD ./Middlewares/Third_Party/FreeRTOS/timers.o
START GROUP
LOAD c:/st/stm32cubeide_1.10.1/stm32cubeide/plugins/com.st.stm32cube.ide.mcu.externaltools.gnu-tools-for-stm32.10.3-2021.10.win32_1.0.0.202111181127/tools/bin/../lib/gcc/arm-none-eabi/10.3.1/../../../../arm-none-eabi/lib/thumb/v7e-m+fp/hard\libc_nano.a
LOAD c:/st/stm32cubeide_1.10.1/stm32cubeide/plugins/com.st.stm32cube.ide.mcu.externaltools.gnu-tools-for-stm32.10.3-2021.10.win32_1.0.0.202111181127/tools/bin/../lib/gcc/arm-none-eabi/10.3.1/../../../../arm-none-eabi/lib/thumb/v7e-m+fp/hard\libm.a
END GROUP
START GROUP
LOAD c:/st/stm32cubeide_1.10.1/stm32cubeide/plugins/com.st.stm32cube.ide.mcu.externaltools.gnu-tools-for-stm32.10.3-2021.10.win32_1.0.0.202111181127/tools/bin/../lib/gcc/arm-none-eabi/10.3.1/thumb/v7e-m+fp/hard\libgcc.a
LOAD c:/st/stm32cubeide_1.10.1/stm32cubeide/plugins/com.st.stm32cube.ide.mcu.externaltools.gnu-tools-for-stm32.10.3-2021.10.win32_1.0.0.202111181127/tools/bin/../lib/gcc/arm-none-eabi/10.3.1/../../../../arm-none-eabi/lib/thumb/v7e-m+fp/hard\libc_nano.a
END GROUP
START GROUP
LOAD c:/st/stm32cubeide_1.10.1/stm32cubeide/plugins/com.st.stm32cube.ide.mcu.externaltools.gnu-tools-for-stm32.10.3-2021.10.win32_1.0.0.202111181127/tools/bin/../lib/gcc/arm-none-eabi/10.3.1/thumb/v7e-m+fp/hard\libgcc.a
LOAD c:/st/stm32cubeide_1.10.1/stm32cubeide/plugins/com.st.stm32cube.ide.mcu.externaltools.gnu-tools-for-stm32.10.3-2021.10.win32_1.0.0.202111181127/tools/bin/../lib/gcc/arm-none-eabi/10.3.1/../../../../arm-none-eabi/lib/thumb/v7e-m+fp/hard\libc_nano.a
LOAD c:/st/stm32cubeide_1.10.1/stm32cubeide/plugins/com.st.stm32cube.ide.mcu.externaltools.gnu-tools-for-stm32.10.3-2021.10.win32_1.0.0.202111181127/tools/bin/../lib/gcc/arm-none-eabi/10.3.1/../../../../arm-none-eabi/lib/thumb/v7e-m+fp/hard\libnosys.a
END GROUP
START GROUP
LOAD c:/st/stm32cubeide_1.10.1/stm32cubeide/plugins/com.st.stm32cube.ide.mcu.externaltools.gnu-tools-for-stm32.10.3-2021.10.win32_1.0.0.202111181127/tools/bin/../lib/gcc/arm-none-eabi/10.3.1/thumb/v7e-m+fp/hard\libgcc.a
LOAD c:/st/stm32cubeide_1.10.1/stm32cubeide/plugins/com.st.stm32cube.ide.mcu.externaltools.gnu-tools-for-stm32.10.3-2021.10.win32_1.0.0.202111181127/tools/bin/../lib/gcc/arm-none-eabi/10.3.1/../../../../arm-none-eabi/lib/thumb/v7e-m+fp/hard\libc_nano.a
LOAD c:/st/stm32cubeide_1.10.1/stm32cubeide/plugins/com.st.stm32cube.ide.mcu.externaltools.gnu-tools-for-stm32.10.3-2021.10.win32_1.0.0.202111181127/tools/bin/../lib/gcc/arm-none-eabi/10.3.1/../../../../arm-none-eabi/lib/thumb/v7e-m+fp/hard\libnosys.a
END GROUP
LOAD c:/st/stm32cubeide_1.10.1/stm32cubeide/plugins/com.st.stm32cube.ide.mcu.externaltools.gnu-tools-for-stm32.10.3-2021.10.win32_1.0.0.202111181127/tools/bin/../lib/gcc/arm-none-eabi/10.3.1/thumb/v7e-m+fp/hard/crtend.o
LOAD c:/st/stm32cubeide_1.10.1/stm32cubeide/plugins/com.st.stm32cube.ide.mcu.externaltools.gnu-tools-for-stm32.10.3-2021.10.win32_1.0.0.202111181127/tools/bin/../lib/gcc/arm-none-eabi/10.3.1/thumb/v7e-m+fp/hard/crtn.o
                0x0000000010048000                _estack = (ORIGIN (RAM) + LENGTH (RAM))
                0x0000000000000200                _Min_Heap_Size = 0x200
                0x0000000000000400                _Min_Stack_Size = 0x400

.isr_vector     0x0000000008100000      0x298
                0x0000000008100000                . = ALIGN (0x4)
 *(.isr_vector)
 .isr_vector    0x0000000008100000      0x298 ./Core/Startup/startup_stm32h745zitx.o
                0x0000000008100000                g_pfnVectors
                0x0000000008100298                . = ALIGN (0x4)

.text           0x00000000081002a0     0x4280
                0x00000000081002a0                . = ALIGN (0x4)
 *(.text)
 .text          0x00000000081002a0       0x40 c:/st/stm32cubeide_1.10.1/stm32cubeide/plugins/com.st.stm32cube.ide.mcu.externaltools.gnu-tools-for-stm32.10.3-2021.10.win32_1.0.0.202111181127/tools/bin/../lib/gcc/arm-none-eabi/10.3.1/thumb/v7e-m+fp/hard/crtbegin.o
 *(.text*)
 .text.SystemInit
                0x00000000081002e0       0x30 ./Common/Src/system_stm32h7xx_dualcore_boot_cm4_cm7.o
                0x00000000081002e0                SystemInit
 .text.main     0x0000000008100310       0xa4 ./Core/Src/main.o
                0x0000000008100310                main
 .text.MX_GPIO_Init
                0x00000000081003b4       0x68 ./Core/Src/main.o
 .text.StartDefaultTask
                0x000000000810041c       0x20 ./Core/Src/main.o
                0x000000000810041c                StartDefaultTask
 .text.HAL_TIM_PeriodElapsedCallback
                0x000000000810043c       0x24 ./Core/Src/main.o
                0x000000000810043c                HAL_TIM_PeriodElapsedCallback
 .text.HAL_MspInit
                0x0000000008100460       0x3c ./Core/Src/stm32h7xx_hal_msp.o
                0x0000000008100460                HAL_MspInit
 .text.HAL_InitTick
                0x000000000810049c       0xd8 ./Core/Src/stm32h7xx_hal_timebase_tim.o
                0x000000000810049c                HAL_InitTick
 .text.NMI_Handler
                0x0000000008100574        0x6 ./Core/Src/stm32h7xx_it.o
                0x0000000008100574                NMI_Handler
 .text.HardFault_Handler
                0x000000000810057a        0x6 ./Core/Src/stm32h7xx_it.o
                0x000000000810057a                HardFault_Handler
 .text.MemManage_Handler
                0x0000000008100580        0x6 ./Core/Src/stm32h7xx_it.o
                0x0000000008100580                MemManage_Handler
 .text.BusFault_Handler
                0x0000000008100586        0x6 ./Core/Src/stm32h7xx_it.o
                0x0000000008100586                BusFault_Handler
 .text.UsageFault_Handler
                0x000000000810058c        0x6 ./Core/Src/stm32h7xx_it.o
                0x000000000810058c                UsageFault_Handler
 .text.DebugMon_Handler
                0x0000000008100592        0xe ./Core/Src/stm32h7xx_it.o
                0x0000000008100592                DebugMon_Handler
 .text.TIM6_DAC_IRQHandler
                0x00000000081005a0       0x14 ./Core/Src/stm32h7xx_it.o
                0x00000000081005a0                TIM6_DAC_IRQHandler
 .text.Reset_Handler
                0x00000000081005b4       0x50 ./Core/Startup/startup_stm32h745zitx.o
                0x00000000081005b4                Reset_Handler
 .text.Default_Handler
                0x0000000008100604        0x2 ./Core/Startup/startup_stm32h745zitx.o
                0x0000000008100604                RTC_Alarm_IRQHandler
                0x0000000008100604                EXTI2_IRQHandler
                0x0000000008100604                TIM8_CC_IRQHandler
                0x0000000008100604                HRTIM1_Master_IRQHandler
                0x0000000008100604                UART8_IRQHandler
                0x0000000008100604                SPI4_IRQHandler
                0x0000000008100604                TIM1_CC_IRQHandler
                0x0000000008100604                BDMA_Channel6_IRQHandler
                0x0000000008100604                DMA2_Stream5_IRQHandler
                0x0000000008100604                HRTIM1_FLT_IRQHandler
                0x0000000008100604                JPEG_IRQHandler
                0x0000000008100604                DMA1_Stream5_IRQHandler
                0x0000000008100604                BDMA_Channel1_IRQHandler
                0x0000000008100604                HRTIM1_TIMD_IRQHandler
                0x0000000008100604                TAMP_STAMP_IRQHandler
                0x0000000008100604                EXTI3_IRQHandler
                0x0000000008100604                LPTIM4_IRQHandler
                0x0000000008100604                TIM8_TRG_COM_TIM14_IRQHandler
                0x0000000008100604                LPTIM2_IRQHandler
                0x0000000008100604                DFSDM1_FLT1_IRQHandler
                0x0000000008100604                DMAMUX2_OVR_IRQHandler
                0x0000000008100604                TIM8_UP_TIM13_IRQHandler
                0x0000000008100604                I2C3_ER_IRQHandler
                0x0000000008100604                DFSDM1_FLT2_IRQHandler
                0x0000000008100604                MDMA_IRQHandler
                0x0000000008100604                LPTIM3_IRQHandler
                0x0000000008100604                HSEM1_IRQHandler
                0x0000000008100604                EXTI0_IRQHandler
                0x0000000008100604                I2C2_EV_IRQHandler
                0x0000000008100604                DMA1_Stream2_IRQHandler
                0x0000000008100604                FPU_IRQHandler
                0x0000000008100604                OTG_HS_WKUP_IRQHandler
                0x0000000008100604                FDCAN1_IT1_IRQHandler
                0x0000000008100604                LTDC_ER_IRQHandler
                0x0000000008100604                DMA2_Stream2_IRQHandler
                0x0000000008100604                HRTIM1_TIME_IRQHandler
                0x0000000008100604                SPI1_IRQHandler
                0x0000000008100604                DCMI_IRQHandler
                0x0000000008100604                HRTIM1_TIMC_IRQHandler
                0x0000000008100604                DMA2_Stream3_IRQHandler
                0x0000000008100604                SAI2_IRQHandler
                0x0000000008100604                DFSDM1_FLT3_IRQHandler
                0x0000000008100604                USART6_IRQHandler
                0x0000000008100604                TIM17_IRQHandler
                0x0000000008100604                USART3_IRQHandler
                0x0000000008100604                BDMA_Channel7_IRQHandler
                0x0000000008100604                LPTIM5_IRQHandler
                0x0000000008100604                UART5_IRQHandler
                0x0000000008100604                ADC3_IRQHandler
                0x0000000008100604                DMA2_Stream0_IRQHandler
                0x0000000008100604                TIM4_IRQHandler
                0x0000000008100604                BDMA_Channel2_IRQHandler
                0x0000000008100604                QUADSPI_IRQHandler
                0x0000000008100604                I2C1_EV_IRQHandler
                0x0000000008100604                DMA1_Stream6_IRQHandler
                0x0000000008100604                DMAMUX1_OVR_IRQHandler
                0x0000000008100604                DMA1_Stream1_IRQHandler
                0x0000000008100604                TIM16_IRQHandler
                0x0000000008100604                UART4_IRQHandler
                0x0000000008100604                BDMA_Channel5_IRQHandler
                0x0000000008100604                TIM3_IRQHandler
                0x0000000008100604                RCC_IRQHandler
                0x0000000008100604                TIM8_BRK_TIM12_IRQHandler
                0x0000000008100604                TIM1_TRG_COM_IRQHandler
                0x0000000008100604                Default_Handler
                0x0000000008100604                ECC_IRQHandler
                0x0000000008100604                CEC_IRQHandler
                0x0000000008100604                EXTI15_10_IRQHandler
                0x0000000008100604                BDMA_Channel0_IRQHandler
                0x0000000008100604                ADC_IRQHandler
                0x0000000008100604                DMA1_Stream7_IRQHandler
                0x0000000008100604                HRTIM1_TIMA_IRQHandler
                0x0000000008100604                SPI5_IRQHandler
                0x0000000008100604                TIM7_IRQHandler
                0x0000000008100604                SDMMC1_IRQHandler
                0x0000000008100604                TIM5_IRQHandler
                0x0000000008100604                DMA2_Stream7_IRQHandler
                0x0000000008100604                TIM15_IRQHandler
                0x0000000008100604                PVD_AVD_IRQHandler
                0x0000000008100604                I2C3_EV_IRQHandler
                0x0000000008100604                EXTI9_5_IRQHandler
                0x0000000008100604                RTC_WKUP_IRQHandler
                0x0000000008100604                LTDC_IRQHandler
                0x0000000008100604                SAI3_IRQHandler
                0x0000000008100604                ETH_WKUP_IRQHandler
                0x0000000008100604                SPDIF_RX_IRQHandler
                0x0000000008100604                SPI2_IRQHandler
                0x0000000008100604                OTG_HS_EP1_IN_IRQHandler
                0x0000000008100604                DMA1_Stream0_IRQHandler
                0x0000000008100604                CRS_IRQHandler
                0x0000000008100604                CM7_SEV_IRQHandler
                0x0000000008100604                EXTI4_IRQHandler
                0x0000000008100604                RNG_IRQHandler
                0x0000000008100604                CM4_SEV_IRQHandler
                0x0000000008100604                HRTIM1_TIMB_IRQHandler
                0x0000000008100604                FDCAN2_IT1_IRQHandler
                0x0000000008100604                ETH_IRQHandler
                0x0000000008100604                TIM1_UP_IRQHandler
                0x0000000008100604                WWDG_RST_IRQHandler
                0x0000000008100604                BDMA_Channel4_IRQHandler
                0x0000000008100604                OTG_HS_EP1_OUT_IRQHandler
                0x0000000008100604                WWDG_IRQHandler
                0x0000000008100604                SPI6_IRQHandler
                0x0000000008100604                MDIOS_IRQHandler
                0x0000000008100604                I2C4_EV_IRQHandler
                0x0000000008100604                FDCAN2_IT0_IRQHandler
                0x0000000008100604                LPUART1_IRQHandler
                0x0000000008100604                FDCAN1_IT0_IRQHandler
                0x0000000008100604                TIM2_IRQHandler
                0x0000000008100604                OTG_FS_WKUP_IRQHandler
                0x0000000008100604                OTG_HS_IRQHandler
                0x0000000008100604                HSEM2_IRQHandler
                0x0000000008100604                DMA2D_IRQHandler
                0x0000000008100604                TIM1_BRK_IRQHandler
                0x0000000008100604                EXTI1_IRQHandler
                0x0000000008100604                SDMMC2_IRQHandler
                0x0000000008100604                OTG_FS_EP1_OUT_IRQHandler
                0x0000000008100604                BDMA_Channel3_IRQHandler
                0x0000000008100604                HOLD_CORE_IRQHandler
                0x0000000008100604                UART7_IRQHandler
                0x0000000008100604                MDIOS_WKUP_IRQHandler
                0x0000000008100604                USART2_IRQHandler
                0x0000000008100604                DFSDM1_FLT0_IRQHandler
                0x0000000008100604                SAI4_IRQHandler
                0x0000000008100604                I2C2_ER_IRQHandler
                0x0000000008100604                DMA2_Stream1_IRQHandler
                0x0000000008100604                FLASH_IRQHandler
                0x0000000008100604                DMA2_Stream4_IRQHandler
                0x0000000008100604                USART1_IRQHandler
                0x0000000008100604                OTG_FS_IRQHandler
                0x0000000008100604                SPI3_IRQHandler
                0x0000000008100604                WAKEUP_PIN_IRQHandler
                0x0000000008100604                DMA1_Stream4_IRQHandler
                0x0000000008100604                OTG_FS_EP1_IN_IRQHandler
                0x0000000008100604                I2C1_ER_IRQHandler
                0x0000000008100604                FMC_IRQHandler
                0x0000000008100604                FDCAN_CAL_IRQHandler
                0x0000000008100604                SWPMI1_IRQHandler
                0x0000000008100604                COMP1_IRQHandler
                0x0000000008100604                LPTIM1_IRQHandler
                0x0000000008100604                I2C4_ER_IRQHandler
                0x0000000008100604                DMA2_Stream6_IRQHandler
                0x0000000008100604                SAI1_IRQHandler
                0x0000000008100604                DMA1_Stream3_IRQHandler
 *fill*         0x0000000008100606        0x2 
 .text.HAL_Init
                0x0000000008100608       0xbc ./Drivers/STM32H7xx_HAL_Driver/stm32h7xx_hal.o
                0x0000000008100608                HAL_Init
 .text.HAL_IncTick
                0x00000000081006c4       0x28 ./Drivers/STM32H7xx_HAL_Driver/stm32h7xx_hal.o
                0x00000000081006c4                HAL_IncTick
 .text.__NVIC_SetPriorityGrouping
                0x00000000081006ec       0x48 ./Drivers/STM32H7xx_HAL_Driver/stm32h7xx_hal_cortex.o
 .text.__NVIC_GetPriorityGrouping
                0x0000000008100734       0x1c ./Drivers/STM32H7xx_HAL_Driver/stm32h7xx_hal_cortex.o
 .text.__NVIC_EnableIRQ
                0x0000000008100750       0x3c ./Drivers/STM32H7xx_HAL_Driver/stm32h7xx_hal_cortex.o
 .text.__NVIC_SetPriority
                0x000000000810078c       0x54 ./Drivers/STM32H7xx_HAL_Driver/stm32h7xx_hal_cortex.o
 .text.NVIC_EncodePriority
                0x00000000081007e0       0x66 ./Drivers/STM32H7xx_HAL_Driver/stm32h7xx_hal_cortex.o
 .text.HAL_NVIC_SetPriorityGrouping
                0x0000000008100846       0x16 ./Drivers/STM32H7xx_HAL_Driver/stm32h7xx_hal_cortex.o
                0x0000000008100846                HAL_NVIC_SetPriorityGrouping
 .text.HAL_NVIC_SetPriority
                0x000000000810085c       0x34 ./Drivers/STM32H7xx_HAL_Driver/stm32h7xx_hal_cortex.o
                0x000000000810085c                HAL_NVIC_SetPriority
 .text.HAL_NVIC_EnableIRQ
                0x0000000008100890       0x1c ./Drivers/STM32H7xx_HAL_Driver/stm32h7xx_hal_cortex.o
                0x0000000008100890                HAL_NVIC_EnableIRQ
 .text.HAL_GetCurrentCPUID
                0x00000000081008ac       0x28 ./Drivers/STM32H7xx_HAL_Driver/stm32h7xx_hal_cortex.o
                0x00000000081008ac                HAL_GetCurrentCPUID
 .text.HAL_GPIO_Init
                0x00000000081008d4      0x360 ./Drivers/STM32H7xx_HAL_Driver/stm32h7xx_hal_gpio.o
                0x00000000081008d4                HAL_GPIO_Init
 .text.HAL_GPIO_WritePin
                0x0000000008100c34       0x32 ./Drivers/STM32H7xx_HAL_Driver/stm32h7xx_hal_gpio.o
                0x0000000008100c34                HAL_GPIO_WritePin
 .text.HAL_GPIO_TogglePin
                0x0000000008100c66       0x34 ./Drivers/STM32H7xx_HAL_Driver/stm32h7xx_hal_gpio.o
                0x0000000008100c66                HAL_GPIO_TogglePin
 *fill*         0x0000000008100c9a        0x2 
 .text.HAL_HSEM_ActivateNotification
                0x0000000008100c9c       0x24 ./Drivers/STM32H7xx_HAL_Driver/stm32h7xx_hal_hsem.o
                0x0000000008100c9c                HAL_HSEM_ActivateNotification
 .text.HAL_PWREx_EnterSTOPMode
                0x0000000008100cc0       0xf4 ./Drivers/STM32H7xx_HAL_Driver/stm32h7xx_hal_pwr_ex.o
                0x0000000008100cc0                HAL_PWREx_EnterSTOPMode
 .text.HAL_PWREx_ClearPendingEvent
                0x0000000008100db4       0x1a ./Drivers/STM32H7xx_HAL_Driver/stm32h7xx_hal_pwr_ex.o
                0x0000000008100db4                HAL_PWREx_ClearPendingEvent
 *fill*         0x0000000008100dce        0x2 
 .text.HAL_RCC_GetSysClockFreq
                0x0000000008100dd0      0x2f4 ./Drivers/STM32H7xx_HAL_Driver/stm32h7xx_hal_rcc.o
                0x0000000008100dd0                HAL_RCC_GetSysClockFreq
 .text.HAL_RCC_GetHCLKFreq
                0x00000000081010c4       0x64 ./Drivers/STM32H7xx_HAL_Driver/stm32h7xx_hal_rcc.o
                0x00000000081010c4                HAL_RCC_GetHCLKFreq
 .text.HAL_RCC_GetPCLK1Freq
                0x0000000008101128       0x2c ./Drivers/STM32H7xx_HAL_Driver/stm32h7xx_hal_rcc.o
                0x0000000008101128                HAL_RCC_GetPCLK1Freq
 .text.HAL_RCC_GetClockConfig
                0x0000000008101154       0x84 ./Drivers/STM32H7xx_HAL_Driver/stm32h7xx_hal_rcc.o
                0x0000000008101154                HAL_RCC_GetClockConfig
 .text.HAL_TIM_Base_Init
                0x00000000081011d8       0xae ./Drivers/STM32H7xx_HAL_Driver/stm32h7xx_hal_tim.o
                0x00000000081011d8                HAL_TIM_Base_Init
 .text.HAL_TIM_Base_MspInit
                0x0000000008101286       0x14 ./Drivers/STM32H7xx_HAL_Driver/stm32h7xx_hal_tim.o
                0x0000000008101286                HAL_TIM_Base_MspInit
 *fill*         0x000000000810129a        0x2 
 .text.HAL_TIM_Base_Start_IT
                0x000000000810129c       0xf0 ./Drivers/STM32H7xx_HAL_Driver/stm32h7xx_hal_tim.o
                0x000000000810129c                HAL_TIM_Base_Start_IT
 .text.HAL_TIM_IRQHandler
                0x000000000810138c      0x23e ./Drivers/STM32H7xx_HAL_Driver/stm32h7xx_hal_tim.o
                0x000000000810138c                HAL_TIM_IRQHandler
 .text.HAL_TIM_OC_DelayElapsedCallback
                0x00000000081015ca       0x14 ./Drivers/STM32H7xx_HAL_Driver/stm32h7xx_hal_tim.o
                0x00000000081015ca                HAL_TIM_OC_DelayElapsedCallback
 .text.HAL_TIM_IC_CaptureCallback
                0x00000000081015de       0x14 ./Drivers/STM32H7xx_HAL_Driver/stm32h7xx_hal_tim.o
                0x00000000081015de                HAL_TIM_IC_CaptureCallback
 .text.HAL_TIM_PWM_PulseFinishedCallback
                0x00000000081015f2       0x14 ./Drivers/STM32H7xx_HAL_Driver/stm32h7xx_hal_tim.o
                0x00000000081015f2                HAL_TIM_PWM_PulseFinishedCallback
 .text.HAL_TIM_TriggerCallback
                0x0000000008101606       0x14 ./Drivers/STM32H7xx_HAL_Driver/stm32h7xx_hal_tim.o
                0x0000000008101606                HAL_TIM_TriggerCallback
 *fill*         0x000000000810161a        0x2 
 .text.TIM_Base_SetConfig
                0x000000000810161c      0x134 ./Drivers/STM32H7xx_HAL_Driver/stm32h7xx_hal_tim.o
                0x000000000810161c                TIM_Base_SetConfig
 .text.HAL_TIMEx_CommutCallback
                0x0000000008101750       0x14 ./Drivers/STM32H7xx_HAL_Driver/stm32h7xx_hal_tim_ex.o
                0x0000000008101750                HAL_TIMEx_CommutCallback
 .text.HAL_TIMEx_BreakCallback
                0x0000000008101764       0x14 ./Drivers/STM32H7xx_HAL_Driver/stm32h7xx_hal_tim_ex.o
                0x0000000008101764                HAL_TIMEx_BreakCallback
 .text.HAL_TIMEx_Break2Callback
                0x0000000008101778       0x14 ./Drivers/STM32H7xx_HAL_Driver/stm32h7xx_hal_tim_ex.o
                0x0000000008101778                HAL_TIMEx_Break2Callback
 .text.__NVIC_SetPriority
                0x000000000810178c       0x54 ./Middlewares/Third_Party/FreeRTOS/cmsis_os2.o
 .text.SysTick_Handler
                0x00000000081017e0       0x20 ./Middlewares/Third_Party/FreeRTOS/cmsis_os2.o
                0x00000000081017e0                SysTick_Handler
 .text.SVC_Setup
                0x0000000008101800       0x12 ./Middlewares/Third_Party/FreeRTOS/cmsis_os2.o
 *fill*         0x0000000008101812        0x2 
 .text.osKernelInitialize
                0x0000000008101814       0x48 ./Middlewares/Third_Party/FreeRTOS/cmsis_os2.o
                0x0000000008101814                osKernelInitialize
 .text.osKernelStart
                0x000000000810185c       0x4c ./Middlewares/Third_Party/FreeRTOS/cmsis_os2.o
                0x000000000810185c                osKernelStart
 .text.osThreadNew
                0x00000000081018a8      0x124 ./Middlewares/Third_Party/FreeRTOS/cmsis_os2.o
                0x00000000081018a8                osThreadNew
 .text.osDelay  0x00000000081019cc       0x36 ./Middlewares/Third_Party/FreeRTOS/cmsis_os2.o
                0x00000000081019cc                osDelay
 *fill*         0x0000000008101a02        0x2 
 .text.vApplicationGetIdleTaskMemory
                0x0000000008101a04       0x34 ./Middlewares/Third_Party/FreeRTOS/cmsis_os2.o
                0x0000000008101a04                vApplicationGetIdleTaskMemory
 .text.vApplicationGetTimerTaskMemory
                0x0000000008101a38       0x34 ./Middlewares/Third_Party/FreeRTOS/cmsis_os2.o
                0x0000000008101a38                vApplicationGetTimerTaskMemory
 .text.pvPortMalloc
                0x0000000008101a6c      0x198 ./Middlewares/Third_Party/FreeRTOS/heap_4.o
                0x0000000008101a6c                pvPortMalloc
 .text.vPortFree
                0x0000000008101c04       0xc4 ./Middlewares/Third_Party/FreeRTOS/heap_4.o
                0x0000000008101c04                vPortFree
 .text.prvHeapInit
                0x0000000008101cc8       0xc4 ./Middlewares/Third_Party/FreeRTOS/heap_4.o
 .text.prvInsertBlockIntoFreeList
                0x0000000008101d8c       0xb4 ./Middlewares/Third_Party/FreeRTOS/heap_4.o
 .text.vListInitialise
                0x0000000008101e40       0x40 ./Middlewares/Third_Party/FreeRTOS/list.o
                0x0000000008101e40                vListInitialise
 .text.vListInitialiseItem
                0x0000000008101e80       0x1a ./Middlewares/Third_Party/FreeRTOS/list.o
                0x0000000008101e80                vListInitialiseItem
 .text.vListInsertEnd
                0x0000000008101e9a       0x48 ./Middlewares/Third_Party/FreeRTOS/list.o
                0x0000000008101e9a                vListInsertEnd
 .text.vListInsert
                0x0000000008101ee2       0x72 ./Middlewares/Third_Party/FreeRTOS/list.o
                0x0000000008101ee2                vListInsert
 .text.uxListRemove
                0x0000000008101f54       0x54 ./Middlewares/Third_Party/FreeRTOS/list.o
                0x0000000008101f54                uxListRemove
 .text.pxPortInitialiseStack
                0x0000000008101fa8       0x68 ./Middlewares/Third_Party/FreeRTOS/port.o
                0x0000000008101fa8                pxPortInitialiseStack
 .text.prvTaskExitError
                0x0000000008102010       0x58 ./Middlewares/Third_Party/FreeRTOS/port.o
 *fill*         0x0000000008102068        0x8 
 .text.SVC_Handler
                0x0000000008102070       0x28 ./Middlewares/Third_Party/FreeRTOS/port.o
                0x0000000008102070                SVC_Handler
 .text.prvPortStartFirstTask
                0x0000000008102098       0x28 ./Middlewares/Third_Party/FreeRTOS/port.o
 .text.xPortStartScheduler
                0x00000000081020c0      0x144 ./Middlewares/Third_Party/FreeRTOS/port.o
                0x00000000081020c0                xPortStartScheduler
 .text.vPortEnterCritical
                0x0000000008102204       0x60 ./Middlewares/Third_Party/FreeRTOS/port.o
                0x0000000008102204                vPortEnterCritical
 .text.vPortExitCritical
                0x0000000008102264       0x54 ./Middlewares/Third_Party/FreeRTOS/port.o
                0x0000000008102264                vPortExitCritical
 *fill*         0x00000000081022b8        0x8 
 .text.PendSV_Handler
                0x00000000081022c0       0x68 ./Middlewares/Third_Party/FreeRTOS/port.o
                0x00000000081022c0                PendSV_Handler
 .text.xPortSysTickHandler
                0x0000000008102328       0x44 ./Middlewares/Third_Party/FreeRTOS/port.o
                0x0000000008102328                xPortSysTickHandler
 .text.vPortSetupTimerInterrupt
                0x000000000810236c       0x48 ./Middlewares/Third_Party/FreeRTOS/port.o
                0x000000000810236c                vPortSetupTimerInterrupt
 .text.vPortEnableVFP
                0x00000000081023b4       0x14 ./Middlewares/Third_Party/FreeRTOS/port.o
 .text.vPortValidateInterruptPriority
                0x00000000081023c8       0x80 ./Middlewares/Third_Party/FreeRTOS/port.o
                0x00000000081023c8                vPortValidateInterruptPriority
 .text.xQueueGenericReset
                0x0000000008102448       0xd0 ./Middlewares/Third_Party/FreeRTOS/queue.o
                0x0000000008102448                xQueueGenericReset
 .text.xQueueGenericCreateStatic
                0x0000000008102518       0xf0 ./Middlewares/Third_Party/FreeRTOS/queue.o
                0x0000000008102518                xQueueGenericCreateStatic
 .text.prvInitialiseNewQueue
                0x0000000008102608       0x46 ./Middlewares/Third_Party/FreeRTOS/queue.o
 *fill*         0x000000000810264e        0x2 
 .text.xQueueGenericSend
                0x0000000008102650      0x1fc ./Middlewares/Third_Party/FreeRTOS/queue.o
                0x0000000008102650                xQueueGenericSend
 .text.xQueueGenericSendFromISR
                0x000000000810284c      0x136 ./Middlewares/Third_Party/FreeRTOS/queue.o
                0x000000000810284c                xQueueGenericSendFromISR
 *fill*         0x0000000008102982        0x2 
 .text.xQueueReceive
                0x0000000008102984      0x1c0 ./Middlewares/Third_Party/FreeRTOS/queue.o
                0x0000000008102984                xQueueReceive
 .text.prvCopyDataToQueue
                0x0000000008102b44       0xd4 ./Middlewares/Third_Party/FreeRTOS/queue.o
 .text.prvCopyDataFromQueue
                0x0000000008102c18       0x4c ./Middlewares/Third_Party/FreeRTOS/queue.o
 .text.prvUnlockQueue
                0x0000000008102c64       0xa4 ./Middlewares/Third_Party/FreeRTOS/queue.o
 .text.prvIsQueueEmpty
                0x0000000008102d08       0x2c ./Middlewares/Third_Party/FreeRTOS/queue.o
 .text.prvIsQueueFull
                0x0000000008102d34       0x30 ./Middlewares/Third_Party/FreeRTOS/queue.o
 .text.vQueueAddToRegistry
                0x0000000008102d64       0x54 ./Middlewares/Third_Party/FreeRTOS/queue.o
                0x0000000008102d64                vQueueAddToRegistry
 .text.vQueueWaitForMessageRestricted
                0x0000000008102db8       0x68 ./Middlewares/Third_Party/FreeRTOS/queue.o
                0x0000000008102db8                vQueueWaitForMessageRestricted
 .text.xTaskCreateStatic
                0x0000000008102e20       0xba ./Middlewares/Third_Party/FreeRTOS/tasks.o
                0x0000000008102e20                xTaskCreateStatic
 .text.xTaskCreate
                0x0000000008102eda       0x8a ./Middlewares/Third_Party/FreeRTOS/tasks.o
                0x0000000008102eda                xTaskCreate
 .text.prvInitialiseNewTask
                0x0000000008102f64      0x14c ./Middlewares/Third_Party/FreeRTOS/tasks.o
 .text.prvAddNewTaskToReadyList
                0x00000000081030b0       0xe0 ./Middlewares/Third_Party/FreeRTOS/tasks.o
 .text.vTaskDelay
                0x0000000008103190       0x68 ./Middlewares/Third_Party/FreeRTOS/tasks.o
                0x0000000008103190                vTaskDelay
 .text.vTaskStartScheduler
                0x00000000081031f8       0xe0 ./Middlewares/Third_Party/FreeRTOS/tasks.o
                0x00000000081031f8                vTaskStartScheduler
 .text.vTaskSuspendAll
                0x00000000081032d8       0x1c ./Middlewares/Third_Party/FreeRTOS/tasks.o
                0x00000000081032d8                vTaskSuspendAll
 .text.xTaskResumeAll
                0x00000000081032f4      0x13c ./Middlewares/Third_Party/FreeRTOS/tasks.o
                0x00000000081032f4                xTaskResumeAll
 .text.xTaskGetTickCount
                0x0000000008103430       0x20 ./Middlewares/Third_Party/FreeRTOS/tasks.o
                0x0000000008103430                xTaskGetTickCount
 .text.xTaskIncrementTick
                0x0000000008103450      0x174 ./Middlewares/Third_Party/FreeRTOS/tasks.o
                0x0000000008103450                xTaskIncrementTick
 .text.vTaskSwitchContext
                0x00000000081035c4       0xc8 ./Middlewares/Third_Party/FreeRTOS/tasks.o
                0x00000000081035c4                vTaskSwitchContext
 .text.vTaskPlaceOnEventList
                0x000000000810368c       0x48 ./Middlewares/Third_Party/FreeRTOS/tasks.o
                0x000000000810368c                vTaskPlaceOnEventList
 .text.vTaskPlaceOnEventListRestricted
                0x00000000081036d4       0x58 ./Middlewares/Third_Party/FreeRTOS/tasks.o
                0x00000000081036d4                vTaskPlaceOnEventListRestricted
 .text.xTaskRemoveFromEventList
                0x000000000810372c       0xc8 ./Middlewares/Third_Party/FreeRTOS/tasks.o
                0x000000000810372c                xTaskRemoveFromEventList
 .text.vTaskInternalSetTimeOutState
                0x00000000081037f4       0x2c ./Middlewares/Third_Party/FreeRTOS/tasks.o
                0x00000000081037f4                vTaskInternalSetTimeOutState
 .text.xTaskCheckForTimeOut
                0x0000000008103820       0xc4 ./Middlewares/Third_Party/FreeRTOS/tasks.o
                0x0000000008103820                xTaskCheckForTimeOut
 .text.vTaskMissedYield
                0x00000000081038e4       0x18 ./Middlewares/Third_Party/FreeRTOS/tasks.o
                0x00000000081038e4                vTaskMissedYield
 .text.prvIdleTask
                0x00000000081038fc       0x30 ./Middlewares/Third_Party/FreeRTOS/tasks.o
 .text.prvInitialiseTaskLists
                0x000000000810392c       0x80 ./Middlewares/Third_Party/FreeRTOS/tasks.o
 .text.prvCheckTasksWaitingTermination
                0x00000000081039ac       0x5c ./Middlewares/Third_Party/FreeRTOS/tasks.o
 .text.prvDeleteTCB
                0x0000000008103a08       0x68 ./Middlewares/Third_Party/FreeRTOS/tasks.o
 .text.prvResetNextTaskUnblockTime
                0x0000000008103a70       0x40 ./Middlewares/Third_Party/FreeRTOS/tasks.o
 .text.xTaskGetSchedulerState
                0x0000000008103ab0       0x3c ./Middlewares/Third_Party/FreeRTOS/tasks.o
                0x0000000008103ab0                xTaskGetSchedulerState
 .text.xTaskPriorityDisinherit
                0x0000000008103aec       0xdc ./Middlewares/Third_Party/FreeRTOS/tasks.o
                0x0000000008103aec                xTaskPriorityDisinherit
 .text.prvAddCurrentTaskToDelayedList
                0x0000000008103bc8       0xa8 ./Middlewares/Third_Party/FreeRTOS/tasks.o
 .text.xTimerCreateTimerTask
                0x0000000008103c70       0x90 ./Middlewares/Third_Party/FreeRTOS/timers.o
                0x0000000008103c70                xTimerCreateTimerTask
 .text.xTimerGenericCommand
                0x0000000008103d00       0x9c ./Middlewares/Third_Party/FreeRTOS/timers.o
                0x0000000008103d00                xTimerGenericCommand
 .text.prvProcessExpiredTimer
                0x0000000008103d9c       0x98 ./Middlewares/Third_Party/FreeRTOS/timers.o
 .text.prvTimerTask
                0x0000000008103e34       0x24 ./Middlewares/Third_Party/FreeRTOS/timers.o
 .text.prvProcessTimerOrBlockTask
                0x0000000008103e58       0x9c ./Middlewares/Third_Party/FreeRTOS/timers.o
 .text.prvGetNextExpireTime
                0x0000000008103ef4       0x48 ./Middlewares/Third_Party/FreeRTOS/timers.o
 .text.prvSampleTimeNow
                0x0000000008103f3c       0x40 ./Middlewares/Third_Party/FreeRTOS/timers.o
 .text.prvInsertTimerInActiveList
                0x0000000008103f7c       0x84 ./Middlewares/Third_Party/FreeRTOS/timers.o
 .text.prvProcessReceivedCommands
                0x0000000008104000      0x1c4 ./Middlewares/Third_Party/FreeRTOS/timers.o
 .text.prvSwitchTimerLists
                0x00000000081041c4       0xc8 ./Middlewares/Third_Party/FreeRTOS/timers.o
 .text.prvCheckForValidListAndQueue
                0x000000000810428c       0x80 ./Middlewares/Third_Party/FreeRTOS/timers.o
 .text.__libc_init_array
                0x000000000810430c       0x48 c:/st/stm32cubeide_1.10.1/stm32cubeide/plugins/com.st.stm32cube.ide.mcu.externaltools.gnu-tools-for-stm32.10.3-2021.10.win32_1.0.0.202111181127/tools/bin/../lib/gcc/arm-none-eabi/10.3.1/../../../../arm-none-eabi/lib/thumb/v7e-m+fp/hard\libc_nano.a(lib_a-init.o)
                0x000000000810430c                __libc_init_array
 .text.__retarget_lock_acquire_recursive
                0x0000000008104354        0x2 c:/st/stm32cubeide_1.10.1/stm32cubeide/plugins/com.st.stm32cube.ide.mcu.externaltools.gnu-tools-for-stm32.10.3-2021.10.win32_1.0.0.202111181127/tools/bin/../lib/gcc/arm-none-eabi/10.3.1/../../../../arm-none-eabi/lib/thumb/v7e-m+fp/hard\libc_nano.a(lib_a-lock.o)
                0x0000000008104354                __retarget_lock_acquire_recursive
 .text.__retarget_lock_release_recursive
                0x0000000008104356        0x2 c:/st/stm32cubeide_1.10.1/stm32cubeide/plugins/com.st.stm32cube.ide.mcu.externaltools.gnu-tools-for-stm32.10.3-2021.10.win32_1.0.0.202111181127/tools/bin/../lib/gcc/arm-none-eabi/10.3.1/../../../../arm-none-eabi/lib/thumb/v7e-m+fp/hard\libc_nano.a(lib_a-lock.o)
                0x0000000008104356                __retarget_lock_release_recursive
 .text.memcpy   0x0000000008104358       0x1c c:/st/stm32cubeide_1.10.1/stm32cubeide/plugins/com.st.stm32cube.ide.mcu.externaltools.gnu-tools-for-stm32.10.3-2021.10.win32_1.0.0.202111181127/tools/bin/../lib/gcc/arm-none-eabi/10.3.1/../../../../arm-none-eabi/lib/thumb/v7e-m+fp/hard\libc_nano.a(lib_a-memcpy-stub.o)
                0x0000000008104358                memcpy
 .text.memset   0x0000000008104374       0x10 c:/st/stm32cubeide_1.10.1/stm32cubeide/plugins/com.st.stm32cube.ide.mcu.externaltools.gnu-tools-for-stm32.10.3-2021.10.win32_1.0.0.202111181127/tools/bin/../lib/gcc/arm-none-eabi/10.3.1/../../../../arm-none-eabi/lib/thumb/v7e-m+fp/hard\libc_nano.a(lib_a-memset.o)
                0x0000000008104374                memset
 .text.cleanup_glue
                0x0000000008104384       0x1a c:/st/stm32cubeide_1.10.1/stm32cubeide/plugins/com.st.stm32cube.ide.mcu.externaltools.gnu-tools-for-stm32.10.3-2021.10.win32_1.0.0.202111181127/tools/bin/../lib/gcc/arm-none-eabi/10.3.1/../../../../arm-none-eabi/lib/thumb/v7e-m+fp/hard\libc_nano.a(lib_a-reent.o)
                0x0000000008104384                cleanup_glue
 *fill*         0x000000000810439e        0x2 
 .text._reclaim_reent
                0x00000000081043a0       0xb8 c:/st/stm32cubeide_1.10.1/stm32cubeide/plugins/com.st.stm32cube.ide.mcu.externaltools.gnu-tools-for-stm32.10.3-2021.10.win32_1.0.0.202111181127/tools/bin/../lib/gcc/arm-none-eabi/10.3.1/../../../../arm-none-eabi/lib/thumb/v7e-m+fp/hard\libc_nano.a(lib_a-reent.o)
                0x00000000081043a0                _reclaim_reent
 .text.__malloc_lock
                0x0000000008104458        0xc c:/st/stm32cubeide_1.10.1/stm32cubeide/plugins/com.st.stm32cube.ide.mcu.externaltools.gnu-tools-for-stm32.10.3-2021.10.win32_1.0.0.202111181127/tools/bin/../lib/gcc/arm-none-eabi/10.3.1/../../../../arm-none-eabi/lib/thumb/v7e-m+fp/hard\libc_nano.a(lib_a-mlock.o)
                0x0000000008104458                __malloc_lock
 .text.__malloc_unlock
                0x0000000008104464        0xc c:/st/stm32cubeide_1.10.1/stm32cubeide/plugins/com.st.stm32cube.ide.mcu.externaltools.gnu-tools-for-stm32.10.3-2021.10.win32_1.0.0.202111181127/tools/bin/../lib/gcc/arm-none-eabi/10.3.1/../../../../arm-none-eabi/lib/thumb/v7e-m+fp/hard\libc_nano.a(lib_a-mlock.o)
                0x0000000008104464                __malloc_unlock
 .text._free_r  0x0000000008104470       0x98 c:/st/stm32cubeide_1.10.1/stm32cubeide/plugins/com.st.stm32cube.ide.mcu.externaltools.gnu-tools-for-stm32.10.3-2021.10.win32_1.0.0.202111181127/tools/bin/../lib/gcc/arm-none-eabi/10.3.1/../../../../arm-none-eabi/lib/thumb/v7e-m+fp/hard\libc_nano.a(lib_a-nano-freer.o)
                0x0000000008104470                _free_r
 *(.glue_7)
 .glue_7        0x0000000008104508        0x0 linker stubs
 *(.glue_7t)
 .glue_7t       0x0000000008104508        0x0 linker stubs
 *(.eh_frame)
 .eh_frame      0x0000000008104508        0x0 c:/st/stm32cubeide_1.10.1/stm32cubeide/plugins/com.st.stm32cube.ide.mcu.externaltools.gnu-tools-for-stm32.10.3-2021.10.win32_1.0.0.202111181127/tools/bin/../lib/gcc/arm-none-eabi/10.3.1/thumb/v7e-m+fp/hard/crtbegin.o
 *(.init)
 .init          0x0000000008104508        0x4 c:/st/stm32cubeide_1.10.1/stm32cubeide/plugins/com.st.stm32cube.ide.mcu.externaltools.gnu-tools-for-stm32.10.3-2021.10.win32_1.0.0.202111181127/tools/bin/../lib/gcc/arm-none-eabi/10.3.1/thumb/v7e-m+fp/hard/crti.o
                0x0000000008104508                _init
 .init          0x000000000810450c        0x8 c:/st/stm32cubeide_1.10.1/stm32cubeide/plugins/com.st.stm32cube.ide.mcu.externaltools.gnu-tools-for-stm32.10.3-2021.10.win32_1.0.0.202111181127/tools/bin/../lib/gcc/arm-none-eabi/10.3.1/thumb/v7e-m+fp/hard/crtn.o
 *(.fini)
 .fini          0x0000000008104514        0x4 c:/st/stm32cubeide_1.10.1/stm32cubeide/plugins/com.st.stm32cube.ide.mcu.externaltools.gnu-tools-for-stm32.10.3-2021.10.win32_1.0.0.202111181127/tools/bin/../lib/gcc/arm-none-eabi/10.3.1/thumb/v7e-m+fp/hard/crti.o
                0x0000000008104514                _fini
 .fini          0x0000000008104518        0x8 c:/st/stm32cubeide_1.10.1/stm32cubeide/plugins/com.st.stm32cube.ide.mcu.externaltools.gnu-tools-for-stm32.10.3-2021.10.win32_1.0.0.202111181127/tools/bin/../lib/gcc/arm-none-eabi/10.3.1/thumb/v7e-m+fp/hard/crtn.o
                0x0000000008104520                . = ALIGN (0x4)
                0x0000000008104520                _etext = .

.vfp11_veneer   0x0000000008104520        0x0
 .vfp11_veneer  0x0000000008104520        0x0 linker stubs

.v4_bx          0x0000000008104520        0x0
 .v4_bx         0x0000000008104520        0x0 linker stubs

.iplt           0x0000000008104520        0x0
 .iplt          0x0000000008104520        0x0 c:/st/stm32cubeide_1.10.1/stm32cubeide/plugins/com.st.stm32cube.ide.mcu.externaltools.gnu-tools-for-stm32.10.3-2021.10.win32_1.0.0.202111181127/tools/bin/../lib/gcc/arm-none-eabi/10.3.1/thumb/v7e-m+fp/hard/crtbegin.o

.rodata         0x0000000008104520       0xb8
                0x0000000008104520                . = ALIGN (0x4)
 *(.rodata)
 .rodata        0x0000000008104520        0xc ./Core/Src/main.o
 .rodata        0x000000000810452c        0x5 ./Middlewares/Third_Party/FreeRTOS/tasks.o
 *fill*         0x0000000008104531        0x3 
 .rodata        0x0000000008104534        0xd ./Middlewares/Third_Party/FreeRTOS/timers.o
 *(.rodata*)
 *fill*         0x0000000008104541        0x3 
 .rodata.D1CorePrescTable
                0x0000000008104544       0x10 ./Common/Src/system_stm32h7xx_dualcore_boot_cm4_cm7.o
                0x0000000008104544                D1CorePrescTable
 .rodata.defaultTask_attributes
                0x0000000008104554       0x24 ./Core/Src/main.o
                0x0000000008104554                defaultTask_attributes
 .rodata.__sf_fake_stderr
                0x0000000008104578       0x20 c:/st/stm32cubeide_1.10.1/stm32cubeide/plugins/com.st.stm32cube.ide.mcu.externaltools.gnu-tools-for-stm32.10.3-2021.10.win32_1.0.0.202111181127/tools/bin/../lib/gcc/arm-none-eabi/10.3.1/../../../../arm-none-eabi/lib/thumb/v7e-m+fp/hard\libc_nano.a(lib_a-findfp.o)
                0x0000000008104578                __sf_fake_stderr
 .rodata.__sf_fake_stdin
                0x0000000008104598       0x20 c:/st/stm32cubeide_1.10.1/stm32cubeide/plugins/com.st.stm32cube.ide.mcu.externaltools.gnu-tools-for-stm32.10.3-2021.10.win32_1.0.0.202111181127/tools/bin/../lib/gcc/arm-none-eabi/10.3.1/../../../../arm-none-eabi/lib/thumb/v7e-m+fp/hard\libc_nano.a(lib_a-findfp.o)
                0x0000000008104598                __sf_fake_stdin
 .rodata.__sf_fake_stdout
                0x00000000081045b8       0x20 c:/st/stm32cubeide_1.10.1/stm32cubeide/plugins/com.st.stm32cube.ide.mcu.externaltools.gnu-tools-for-stm32.10.3-2021.10.win32_1.0.0.202111181127/tools/bin/../lib/gcc/arm-none-eabi/10.3.1/../../../../arm-none-eabi/lib/thumb/v7e-m+fp/hard\libc_nano.a(lib_a-findfp.o)
                0x00000000081045b8                __sf_fake_stdout
                0x00000000081045d8                . = ALIGN (0x4)

.rel.dyn        0x00000000081045d8        0x0
 .rel.iplt      0x00000000081045d8        0x0 c:/st/stm32cubeide_1.10.1/stm32cubeide/plugins/com.st.stm32cube.ide.mcu.externaltools.gnu-tools-for-stm32.10.3-2021.10.win32_1.0.0.202111181127/tools/bin/../lib/gcc/arm-none-eabi/10.3.1/thumb/v7e-m+fp/hard/crtbegin.o

.ARM.extab
 *(.ARM.extab* .gnu.linkonce.armextab.*)

.ARM            0x00000000081045d8        0x0
                0x00000000081045d8                __exidx_start = .
 *(.ARM.exidx*)
                0x00000000081045d8                __exidx_end = .

.preinit_array  0x00000000081045d8        0x0
                0x00000000081045d8                PROVIDE (__preinit_array_start = .)
 *(.preinit_array*)
                0x00000000081045d8                PROVIDE (__preinit_array_end = .)

.init_array     0x00000000081045d8        0x4
                0x00000000081045d8                PROVIDE (__init_array_start = .)
 *(SORT_BY_NAME(.init_array.*))
 *(.init_array*)
 .init_array    0x00000000081045d8        0x4 c:/st/stm32cubeide_1.10.1/stm32cubeide/plugins/com.st.stm32cube.ide.mcu.externaltools.gnu-tools-for-stm32.10.3-2021.10.win32_1.0.0.202111181127/tools/bin/../lib/gcc/arm-none-eabi/10.3.1/thumb/v7e-m+fp/hard/crtbegin.o
                0x00000000081045dc                PROVIDE (__init_array_end = .)

.fini_array     0x00000000081045dc        0x4
                [!provide]                        PROVIDE (__fini_array_start = .)
 *(SORT_BY_NAME(.fini_array.*))
 *(.fini_array*)
 .fini_array    0x00000000081045dc        0x4 c:/st/stm32cubeide_1.10.1/stm32cubeide/plugins/com.st.stm32cube.ide.mcu.externaltools.gnu-tools-for-stm32.10.3-2021.10.win32_1.0.0.202111181127/tools/bin/../lib/gcc/arm-none-eabi/10.3.1/thumb/v7e-m+fp/hard/crtbegin.o
                [!provide]                        PROVIDE (__fini_array_end = .)
                0x00000000081045e0                _sidata = LOADADDR (.data)

.data           0x0000000010000000       0x78 load address 0x00000000081045e0
                0x0000000010000000                . = ALIGN (0x4)
                0x0000000010000000                _sdata = .
 *(.data)
 *(.data*)
 .data.SystemCoreClock
                0x0000000010000000        0x4 ./Common/Src/system_stm32h7xx_dualcore_boot_cm4_cm7.o
                0x0000000010000000                SystemCoreClock
 .data.SystemD2Clock
                0x0000000010000004        0x4 ./Common/Src/system_stm32h7xx_dualcore_boot_cm4_cm7.o
                0x0000000010000004                SystemD2Clock
 .data.uwTickPrio
                0x0000000010000008        0x4 ./Drivers/STM32H7xx_HAL_Driver/stm32h7xx_hal.o
                0x0000000010000008                uwTickPrio
 .data.uwTickFreq
                0x000000001000000c        0x1 ./Drivers/STM32H7xx_HAL_Driver/stm32h7xx_hal.o
                0x000000001000000c                uwTickFreq
 *fill*         0x000000001000000d        0x3 
 .data.uxCriticalNesting
                0x0000000010000010        0x4 ./Middlewares/Third_Party/FreeRTOS/port.o
 .data._impure_ptr
                0x0000000010000014        0x4 c:/st/stm32cubeide_1.10.1/stm32cubeide/plugins/com.st.stm32cube.ide.mcu.externaltools.gnu-tools-for-stm32.10.3-2021.10.win32_1.0.0.202111181127/tools/bin/../lib/gcc/arm-none-eabi/10.3.1/../../../../arm-none-eabi/lib/thumb/v7e-m+fp/hard\libc_nano.a(lib_a-impure.o)
                0x0000000010000014                _impure_ptr
 .data.impure_data
                0x0000000010000018       0x60 c:/st/stm32cubeide_1.10.1/stm32cubeide/plugins/com.st.stm32cube.ide.mcu.externaltools.gnu-tools-for-stm32.10.3-2021.10.win32_1.0.0.202111181127/tools/bin/../lib/gcc/arm-none-eabi/10.3.1/../../../../arm-none-eabi/lib/thumb/v7e-m+fp/hard\libc_nano.a(lib_a-impure.o)
 *(.RamFunc)
 *(.RamFunc*)
                0x0000000010000078                . = ALIGN (0x4)
                0x0000000010000078                _edata = .

.igot.plt       0x0000000010000078        0x0 load address 0x0000000008104658
 .igot.plt      0x0000000010000078        0x0 c:/st/stm32cubeide_1.10.1/stm32cubeide/plugins/com.st.stm32cube.ide.mcu.externaltools.gnu-tools-for-stm32.10.3-2021.10.win32_1.0.0.202111181127/tools/bin/../lib/gcc/arm-none-eabi/10.3.1/thumb/v7e-m+fp/hard/crtbegin.o
                0x0000000010000078                . = ALIGN (0x4)

.bss            0x0000000010000078     0x4a88 load address 0x0000000008104658
                0x0000000010000078                _sbss = .
                0x0000000010000078                __bss_start__ = _sbss
 *(.bss)
 .bss           0x0000000010000078       0x1c c:/st/stm32cubeide_1.10.1/stm32cubeide/plugins/com.st.stm32cube.ide.mcu.externaltools.gnu-tools-for-stm32.10.3-2021.10.win32_1.0.0.202111181127/tools/bin/../lib/gcc/arm-none-eabi/10.3.1/thumb/v7e-m+fp/hard/crtbegin.o
 *(.bss*)
 .bss.defaultTaskHandle
                0x0000000010000094        0x4 ./Core/Src/main.o
                0x0000000010000094                defaultTaskHandle
 .bss.htim6     0x0000000010000098       0x4c ./Core/Src/stm32h7xx_hal_timebase_tim.o
                0x0000000010000098                htim6
 .bss.uwTick    0x00000000100000e4        0x4 ./Drivers/STM32H7xx_HAL_Driver/stm32h7xx_hal.o
                0x00000000100000e4                uwTick
 .bss.KernelState
                0x00000000100000e8        0x4 ./Middlewares/Third_Party/FreeRTOS/cmsis_os2.o
 .bss.Idle_TCB.3
                0x00000000100000ec       0xbc ./Middlewares/Third_Party/FreeRTOS/cmsis_os2.o
 .bss.Idle_Stack.2
                0x00000000100001a8      0x200 ./Middlewares/Third_Party/FreeRTOS/cmsis_os2.o
 .bss.Timer_TCB.1
                0x00000000100003a8       0xbc ./Middlewares/Third_Party/FreeRTOS/cmsis_os2.o
 .bss.Timer_Stack.0
                0x0000000010000464      0x400 ./Middlewares/Third_Party/FreeRTOS/cmsis_os2.o
 .bss.ucHeap    0x0000000010000864     0x3c00 ./Middlewares/Third_Party/FreeRTOS/heap_4.o
 .bss.xStart    0x0000000010004464        0x8 ./Middlewares/Third_Party/FreeRTOS/heap_4.o
 .bss.pxEnd     0x000000001000446c        0x4 ./Middlewares/Third_Party/FreeRTOS/heap_4.o
 .bss.xFreeBytesRemaining
                0x0000000010004470        0x4 ./Middlewares/Third_Party/FreeRTOS/heap_4.o
 .bss.xMinimumEverFreeBytesRemaining
                0x0000000010004474        0x4 ./Middlewares/Third_Party/FreeRTOS/heap_4.o
 .bss.xNumberOfSuccessfulAllocations
                0x0000000010004478        0x4 ./Middlewares/Third_Party/FreeRTOS/heap_4.o
 .bss.xNumberOfSuccessfulFrees
                0x000000001000447c        0x4 ./Middlewares/Third_Party/FreeRTOS/heap_4.o
 .bss.xBlockAllocatedBit
                0x0000000010004480        0x4 ./Middlewares/Third_Party/FreeRTOS/heap_4.o
 .bss.ucMaxSysCallPriority
                0x0000000010004484        0x1 ./Middlewares/Third_Party/FreeRTOS/port.o
 *fill*         0x0000000010004485        0x3 
 .bss.ulMaxPRIGROUPValue
                0x0000000010004488        0x4 ./Middlewares/Third_Party/FreeRTOS/port.o
 .bss.xQueueRegistry
                0x000000001000448c       0x40 ./Middlewares/Third_Party/FreeRTOS/queue.o
                0x000000001000448c                xQueueRegistry
 .bss.pxCurrentTCB
                0x00000000100044cc        0x4 ./Middlewares/Third_Party/FreeRTOS/tasks.o
                0x00000000100044cc                pxCurrentTCB
 .bss.pxReadyTasksLists
                0x00000000100044d0      0x460 ./Middlewares/Third_Party/FreeRTOS/tasks.o
 .bss.xDelayedTaskList1
                0x0000000010004930       0x14 ./Middlewares/Third_Party/FreeRTOS/tasks.o
 .bss.xDelayedTaskList2
                0x0000000010004944       0x14 ./Middlewares/Third_Party/FreeRTOS/tasks.o
 .bss.pxDelayedTaskList
                0x0000000010004958        0x4 ./Middlewares/Third_Party/FreeRTOS/tasks.o
 .bss.pxOverflowDelayedTaskList
                0x000000001000495c        0x4 ./Middlewares/Third_Party/FreeRTOS/tasks.o
 .bss.xPendingReadyList
                0x0000000010004960       0x14 ./Middlewares/Third_Party/FreeRTOS/tasks.o
 .bss.xTasksWaitingTermination
                0x0000000010004974       0x14 ./Middlewares/Third_Party/FreeRTOS/tasks.o
 .bss.uxDeletedTasksWaitingCleanUp
                0x0000000010004988        0x4 ./Middlewares/Third_Party/FreeRTOS/tasks.o
 .bss.xSuspendedTaskList
                0x000000001000498c       0x14 ./Middlewares/Third_Party/FreeRTOS/tasks.o
 .bss.uxCurrentNumberOfTasks
                0x00000000100049a0        0x4 ./Middlewares/Third_Party/FreeRTOS/tasks.o
 .bss.xTickCount
                0x00000000100049a4        0x4 ./Middlewares/Third_Party/FreeRTOS/tasks.o
 .bss.uxTopReadyPriority
                0x00000000100049a8        0x4 ./Middlewares/Third_Party/FreeRTOS/tasks.o
 .bss.xSchedulerRunning
                0x00000000100049ac        0x4 ./Middlewares/Third_Party/FreeRTOS/tasks.o
 .bss.xPendedTicks
                0x00000000100049b0        0x4 ./Middlewares/Third_Party/FreeRTOS/tasks.o
 .bss.xYieldPending
                0x00000000100049b4        0x4 ./Middlewares/Third_Party/FreeRTOS/tasks.o
 .bss.xNumOfOverflows
                0x00000000100049b8        0x4 ./Middlewares/Third_Party/FreeRTOS/tasks.o
 .bss.uxTaskNumber
                0x00000000100049bc        0x4 ./Middlewares/Third_Party/FreeRTOS/tasks.o
 .bss.xNextTaskUnblockTime
                0x00000000100049c0        0x4 ./Middlewares/Third_Party/FreeRTOS/tasks.o
 .bss.xIdleTaskHandle
                0x00000000100049c4        0x4 ./Middlewares/Third_Party/FreeRTOS/tasks.o
 .bss.uxSchedulerSuspended
                0x00000000100049c8        0x4 ./Middlewares/Third_Party/FreeRTOS/tasks.o
 .bss.xActiveTimerList1
                0x00000000100049cc       0x14 ./Middlewares/Third_Party/FreeRTOS/timers.o
 .bss.xActiveTimerList2
                0x00000000100049e0       0x14 ./Middlewares/Third_Party/FreeRTOS/timers.o
 .bss.pxCurrentTimerList
                0x00000000100049f4        0x4 ./Middlewares/Third_Party/FreeRTOS/timers.o
 .bss.pxOverflowTimerList
                0x00000000100049f8        0x4 ./Middlewares/Third_Party/FreeRTOS/timers.o
 .bss.xTimerQueue
                0x00000000100049fc        0x4 ./Middlewares/Third_Party/FreeRTOS/timers.o
 .bss.xTimerTaskHandle
                0x0000000010004a00        0x4 ./Middlewares/Third_Party/FreeRTOS/timers.o
 .bss.xLastTime.2
                0x0000000010004a04        0x4 ./Middlewares/Third_Party/FreeRTOS/timers.o
 .bss.ucStaticTimerQueueStorage.1
                0x0000000010004a08       0xa0 ./Middlewares/Third_Party/FreeRTOS/timers.o
 .bss.xStaticTimerQueue.0
                0x0000000010004aa8       0x50 ./Middlewares/Third_Party/FreeRTOS/timers.o
 .bss.__lock___malloc_recursive_mutex
                0x0000000010004af8        0x1 c:/st/stm32cubeide_1.10.1/stm32cubeide/plugins/com.st.stm32cube.ide.mcu.externaltools.gnu-tools-for-stm32.10.3-2021.10.win32_1.0.0.202111181127/tools/bin/../lib/gcc/arm-none-eabi/10.3.1/../../../../arm-none-eabi/lib/thumb/v7e-m+fp/hard\libc_nano.a(lib_a-lock.o)
                0x0000000010004af8                __lock___malloc_recursive_mutex
 *fill*         0x0000000010004af9        0x3 
 .bss.__malloc_free_list
                0x0000000010004afc        0x4 c:/st/stm32cubeide_1.10.1/stm32cubeide/plugins/com.st.stm32cube.ide.mcu.externaltools.gnu-tools-for-stm32.10.3-2021.10.win32_1.0.0.202111181127/tools/bin/../lib/gcc/arm-none-eabi/10.3.1/../../../../arm-none-eabi/lib/thumb/v7e-m+fp/hard\libc_nano.a(lib_a-nano-mallocr.o)
                0x0000000010004afc                __malloc_free_list
 *(COMMON)
                0x0000000010004b00                . = ALIGN (0x4)
                0x0000000010004b00                _ebss = .
                0x0000000010004b00                __bss_end__ = _ebss

._user_heap_stack
                0x0000000010004b00      0x600 load address 0x0000000008104658
                0x0000000010004b00                . = ALIGN (0x8)
                [!provide]                        PROVIDE (end = .)
                0x0000000010004b00                PROVIDE (_end = .)
                0x0000000010004d00                . = (. + _Min_Heap_Size)
 *fill*         0x0000000010004b00      0x200 
                0x0000000010005100                . = (. + _Min_Stack_Size)
 *fill*         0x0000000010004d00      0x400 
                0x0000000010005100                . = ALIGN (0x8)

/DISCARD/
 libc.a(*)
 libm.a(*)
 libgcc.a(*)

.ARM.attributes
                0x0000000000000000       0x30
 *(.ARM.attributes)
 .ARM.attributes
                0x0000000000000000       0x1e c:/st/stm32cubeide_1.10.1/stm32cubeide/plugins/com.st.stm32cube.ide.mcu.externaltools.gnu-tools-for-stm32.10.3-2021.10.win32_1.0.0.202111181127/tools/bin/../lib/gcc/arm-none-eabi/10.3.1/thumb/v7e-m+fp/hard/crti.o
 .ARM.attributes
                0x000000000000001e       0x34 c:/st/stm32cubeide_1.10.1/stm32cubeide/plugins/com.st.stm32cube.ide.mcu.externaltools.gnu-tools-for-stm32.10.3-2021.10.win32_1.0.0.202111181127/tools/bin/../lib/gcc/arm-none-eabi/10.3.1/thumb/v7e-m+fp/hard/crtbegin.o
 .ARM.attributes
                0x0000000000000052       0x34 ./Common/Src/system_stm32h7xx_dualcore_boot_cm4_cm7.o
 .ARM.attributes
                0x0000000000000086       0x34 ./Core/Src/main.o
 .ARM.attributes
                0x00000000000000ba       0x34 ./Core/Src/stm32h7xx_hal_msp.o
 .ARM.attributes
                0x00000000000000ee       0x34 ./Core/Src/stm32h7xx_hal_timebase_tim.o
 .ARM.attributes
                0x0000000000000122       0x34 ./Core/Src/stm32h7xx_it.o
 .ARM.attributes
                0x0000000000000156       0x21 ./Core/Startup/startup_stm32h745zitx.o
 .ARM.attributes
                0x0000000000000177       0x34 ./Drivers/STM32H7xx_HAL_Driver/stm32h7xx_hal.o
 .ARM.attributes
                0x00000000000001ab       0x34 ./Drivers/STM32H7xx_HAL_Driver/stm32h7xx_hal_cortex.o
 .ARM.attributes
                0x00000000000001df       0x34 ./Drivers/STM32H7xx_HAL_Driver/stm32h7xx_hal_gpio.o
 .ARM.attributes
                0x0000000000000213       0x34 ./Drivers/STM32H7xx_HAL_Driver/stm32h7xx_hal_hsem.o
 .ARM.attributes
                0x0000000000000247       0x34 ./Drivers/STM32H7xx_HAL_Driver/stm32h7xx_hal_pwr_ex.o
 .ARM.attributes
                0x000000000000027b       0x34 ./Drivers/STM32H7xx_HAL_Driver/stm32h7xx_hal_rcc.o
 .ARM.attributes
                0x00000000000002af       0x34 ./Drivers/STM32H7xx_HAL_Driver/stm32h7xx_hal_tim.o
 .ARM.attributes
                0x00000000000002e3       0x34 ./Drivers/STM32H7xx_HAL_Driver/stm32h7xx_hal_tim_ex.o
 .ARM.attributes
                0x0000000000000317       0x34 ./Middlewares/Third_Party/FreeRTOS/cmsis_os2.o
 .ARM.attributes
                0x000000000000034b       0x34 ./Middlewares/Third_Party/FreeRTOS/heap_4.o
 .ARM.attributes
                0x000000000000037f       0x34 ./Middlewares/Third_Party/FreeRTOS/list.o
 .ARM.attributes
                0x00000000000003b3       0x34 ./Middlewares/Third_Party/FreeRTOS/port.o
 .ARM.attributes
                0x00000000000003e7       0x34 ./Middlewares/Third_Party/FreeRTOS/queue.o
 .ARM.attributes
                0x000000000000041b       0x34 ./Middlewares/Third_Party/FreeRTOS/tasks.o
 .ARM.attributes
                0x000000000000044f       0x34 ./Middlewares/Third_Party/FreeRTOS/timers.o
 .ARM.attributes
                0x0000000000000483       0x34 c:/st/stm32cubeide_1.10.1/stm32cubeide/plugins/com.st.stm32cube.ide.mcu.externaltools.gnu-tools-for-stm32.10.3-2021.10.win32_1.0.0.202111181127/tools/bin/../lib/gcc/arm-none-eabi/10.3.1/../../../../arm-none-eabi/lib/thumb/v7e-m+fp/hard\libc_nano.a(lib_a-findfp.o)
 .ARM.attributes
                0x00000000000004b7       0x34 c:/st/stm32cubeide_1.10.1/stm32cubeide/plugins/com.st.stm32cube.ide.mcu.externaltools.gnu-tools-for-stm32.10.3-2021.10.win32_1.0.0.202111181127/tools/bin/../lib/gcc/arm-none-eabi/10.3.1/../../../../arm-none-eabi/lib/thumb/v7e-m+fp/hard\libc_nano.a(lib_a-impure.o)
 .ARM.attributes
                0x00000000000004eb       0x34 c:/st/stm32cubeide_1.10.1/stm32cubeide/plugins/com.st.stm32cube.ide.mcu.externaltools.gnu-tools-for-stm32.10.3-2021.10.win32_1.0.0.202111181127/tools/bin/../lib/gcc/arm-none-eabi/10.3.1/../../../../arm-none-eabi/lib/thumb/v7e-m+fp/hard\libc_nano.a(lib_a-init.o)
 .ARM.attributes
                0x000000000000051f       0x34 c:/st/stm32cubeide_1.10.1/stm32cubeide/plugins/com.st.stm32cube.ide.mcu.externaltools.gnu-tools-for-stm32.10.3-2021.10.win32_1.0.0.202111181127/tools/bin/../lib/gcc/arm-none-eabi/10.3.1/../../../../arm-none-eabi/lib/thumb/v7e-m+fp/hard\libc_nano.a(lib_a-lock.o)
 .ARM.attributes
                0x0000000000000553       0x34 c:/st/stm32cubeide_1.10.1/stm32cubeide/plugins/com.st.stm32cube.ide.mcu.externaltools.gnu-tools-for-stm32.10.3-2021.10.win32_1.0.0.202111181127/tools/bin/../lib/gcc/arm-none-eabi/10.3.1/../../../../arm-none-eabi/lib/thumb/v7e-m+fp/hard\libc_nano.a(lib_a-memcpy-stub.o)
 .ARM.attributes
                0x0000000000000587       0x34 c:/st/stm32cubeide_1.10.1/stm32cubeide/plugins/com.st.stm32cube.ide.mcu.externaltools.gnu-tools-for-stm32.10.3-2021.10.win32_1.0.0.202111181127/tools/bin/../lib/gcc/arm-none-eabi/10.3.1/../../../../arm-none-eabi/lib/thumb/v7e-m+fp/hard\libc_nano.a(lib_a-memset.o)
 .ARM.attributes
                0x00000000000005bb       0x34 c:/st/stm32cubeide_1.10.1/stm32cubeide/plugins/com.st.stm32cube.ide.mcu.externaltools.gnu-tools-for-stm32.10.3-2021.10.win32_1.0.0.202111181127/tools/bin/../lib/gcc/arm-none-eabi/10.3.1/../../../../arm-none-eabi/lib/thumb/v7e-m+fp/hard\libc_nano.a(lib_a-nano-mallocr.o)
 .ARM.attributes
                0x00000000000005ef       0x34 c:/st/stm32cubeide_1.10.1/stm32cubeide/plugins/com.st.stm32cube.ide.mcu.externaltools.gnu-tools-for-stm32.10.3-2021.10.win32_1.0.0.202111181127/tools/bin/../lib/gcc/arm-none-eabi/10.3.1/../../../../arm-none-eabi/lib/thumb/v7e-m+fp/hard\libc_nano.a(lib_a-reent.o)
 .ARM.attributes
                0x0000000000000623       0x34 c:/st/stm32cubeide_1.10.1/stm32cubeide/plugins/com.st.stm32cube.ide.mcu.externaltools.gnu-tools-for-stm32.10.3-2021.10.win32_1.0.0.202111181127/tools/bin/../lib/gcc/arm-none-eabi/10.3.1/../../../../arm-none-eabi/lib/thumb/v7e-m+fp/hard\libc_nano.a(lib_a-mlock.o)
 .ARM.attributes
                0x0000000000000657       0x34 c:/st/stm32cubeide_1.10.1/stm32cubeide/plugins/com.st.stm32cube.ide.mcu.externaltools.gnu-tools-for-stm32.10.3-2021.10.win32_1.0.0.202111181127/tools/bin/../lib/gcc/arm-none-eabi/10.3.1/../../../../arm-none-eabi/lib/thumb/v7e-m+fp/hard\libc_nano.a(lib_a-nano-freer.o)
 .ARM.attributes
                0x000000000000068b       0x1e c:/st/stm32cubeide_1.10.1/stm32cubeide/plugins/com.st.stm32cube.ide.mcu.externaltools.gnu-tools-for-stm32.10.3-2021.10.win32_1.0.0.202111181127/tools/bin/../lib/gcc/arm-none-eabi/10.3.1/thumb/v7e-m+fp/hard/crtn.o
OUTPUT(freeRTOS_CM4.elf elf32-littlearm)
LOAD linker stubs
LOAD c:/st/stm32cubeide_1.10.1/stm32cubeide/plugins/com.st.stm32cube.ide.mcu.externaltools.gnu-tools-for-stm32.10.3-2021.10.win32_1.0.0.202111181127/tools/bin/../lib/gcc/arm-none-eabi/10.3.1/../../../../arm-none-eabi/lib/thumb/v7e-m+fp/hard\libc.a
LOAD c:/st/stm32cubeide_1.10.1/stm32cubeide/plugins/com.st.stm32cube.ide.mcu.externaltools.gnu-tools-for-stm32.10.3-2021.10.win32_1.0.0.202111181127/tools/bin/../lib/gcc/arm-none-eabi/10.3.1/../../../../arm-none-eabi/lib/thumb/v7e-m+fp/hard\libm.a
LOAD c:/st/stm32cubeide_1.10.1/stm32cubeide/plugins/com.st.stm32cube.ide.mcu.externaltools.gnu-tools-for-stm32.10.3-2021.10.win32_1.0.0.202111181127/tools/bin/../lib/gcc/arm-none-eabi/10.3.1/thumb/v7e-m+fp/hard\libgcc.a

.debug_info     0x0000000000000000    0x1a2dd
 .debug_info    0x0000000000000000      0x779 ./Common/Src/system_stm32h7xx_dualcore_boot_cm4_cm7.o
 .debug_info    0x0000000000000779     0x182a ./Core/Src/main.o
 .debug_info    0x0000000000001fa3     0x12d1 ./Core/Src/stm32h7xx_hal_msp.o
 .debug_info    0x0000000000003274     0x1117 ./Core/Src/stm32h7xx_hal_timebase_tim.o
 .debug_info    0x000000000000438b      0x826 ./Core/Src/stm32h7xx_it.o
 .debug_info    0x0000000000004bb1       0x22 ./Core/Startup/startup_stm32h745zitx.o
 .debug_info    0x0000000000004bd3     0x1865 ./Drivers/STM32H7xx_HAL_Driver/stm32h7xx_hal.o
 .debug_info    0x0000000000006438      0xfac ./Drivers/STM32H7xx_HAL_Driver/stm32h7xx_hal_cortex.o
 .debug_info    0x00000000000073e4      0xde0 ./Drivers/STM32H7xx_HAL_Driver/stm32h7xx_hal_gpio.o
 .debug_info    0x00000000000081c4      0x3fd ./Drivers/STM32H7xx_HAL_Driver/stm32h7xx_hal_hsem.o
 .debug_info    0x00000000000085c1     0x10d3 ./Drivers/STM32H7xx_HAL_Driver/stm32h7xx_hal_pwr_ex.o
 .debug_info    0x0000000000009694      0xf48 ./Drivers/STM32H7xx_HAL_Driver/stm32h7xx_hal_rcc.o
 .debug_info    0x000000000000a5dc     0x2dd1 ./Drivers/STM32H7xx_HAL_Driver/stm32h7xx_hal_tim.o
 .debug_info    0x000000000000d3ad     0x18f4 ./Drivers/STM32H7xx_HAL_Driver/stm32h7xx_hal_tim_ex.o
 .debug_info    0x000000000000eca1     0x44d1 ./Middlewares/Third_Party/FreeRTOS/cmsis_os2.o
 .debug_info    0x0000000000013172      0x50b ./Middlewares/Third_Party/FreeRTOS/heap_4.o
 .debug_info    0x000000000001367d      0x2d1 ./Middlewares/Third_Party/FreeRTOS/list.o
 .debug_info    0x000000000001394e      0x507 ./Middlewares/Third_Party/FreeRTOS/port.o
 .debug_info    0x0000000000013e55     0x1cbf ./Middlewares/Third_Party/FreeRTOS/queue.o
 .debug_info    0x0000000000015b14     0x2b40 ./Middlewares/Third_Party/FreeRTOS/tasks.o
 .debug_info    0x0000000000018654     0x1c89 ./Middlewares/Third_Party/FreeRTOS/timers.o

.debug_abbrev   0x0000000000000000     0x32db
 .debug_abbrev  0x0000000000000000      0x136 ./Common/Src/system_stm32h7xx_dualcore_boot_cm4_cm7.o
 .debug_abbrev  0x0000000000000136      0x307 ./Core/Src/main.o
 .debug_abbrev  0x000000000000043d      0x1ee ./Core/Src/stm32h7xx_hal_msp.o
 .debug_abbrev  0x000000000000062b      0x206 ./Core/Src/stm32h7xx_hal_timebase_tim.o
 .debug_abbrev  0x0000000000000831      0x171 ./Core/Src/stm32h7xx_it.o
 .debug_abbrev  0x00000000000009a2       0x12 ./Core/Startup/startup_stm32h745zitx.o
 .debug_abbrev  0x00000000000009b4      0x292 ./Drivers/STM32H7xx_HAL_Driver/stm32h7xx_hal.o
 .debug_abbrev  0x0000000000000c46      0x329 ./Drivers/STM32H7xx_HAL_Driver/stm32h7xx_hal_cortex.o
 .debug_abbrev  0x0000000000000f6f      0x1ec ./Drivers/STM32H7xx_HAL_Driver/stm32h7xx_hal_gpio.o
 .debug_abbrev  0x000000000000115b      0x1d0 ./Drivers/STM32H7xx_HAL_Driver/stm32h7xx_hal_hsem.o
 .debug_abbrev  0x000000000000132b      0x2bc ./Drivers/STM32H7xx_HAL_Driver/stm32h7xx_hal_pwr_ex.o
 .debug_abbrev  0x00000000000015e7      0x2b8 ./Drivers/STM32H7xx_HAL_Driver/stm32h7xx_hal_rcc.o
 .debug_abbrev  0x000000000000189f      0x25d ./Drivers/STM32H7xx_HAL_Driver/stm32h7xx_hal_tim.o
 .debug_abbrev  0x0000000000001afc      0x265 ./Drivers/STM32H7xx_HAL_Driver/stm32h7xx_hal_tim_ex.o
 .debug_abbrev  0x0000000000001d61      0x529 ./Middlewares/Third_Party/FreeRTOS/cmsis_os2.o
 .debug_abbrev  0x000000000000228a      0x212 ./Middlewares/Third_Party/FreeRTOS/heap_4.o
 .debug_abbrev  0x000000000000249c       0xf2 ./Middlewares/Third_Party/FreeRTOS/list.o
 .debug_abbrev  0x000000000000258e      0x259 ./Middlewares/Third_Party/FreeRTOS/port.o
 .debug_abbrev  0x00000000000027e7      0x3a1 ./Middlewares/Third_Party/FreeRTOS/queue.o
 .debug_abbrev  0x0000000000002b88      0x3f3 ./Middlewares/Third_Party/FreeRTOS/tasks.o
 .debug_abbrev  0x0000000000002f7b      0x360 ./Middlewares/Third_Party/FreeRTOS/timers.o

.debug_aranges  0x0000000000000000     0x14a8
 .debug_aranges
                0x0000000000000000       0x28 ./Common/Src/system_stm32h7xx_dualcore_boot_cm4_cm7.o
 .debug_aranges
                0x0000000000000028       0x48 ./Core/Src/main.o
 .debug_aranges
                0x0000000000000070       0x30 ./Core/Src/stm32h7xx_hal_msp.o
 .debug_aranges
                0x00000000000000a0       0x30 ./Core/Src/stm32h7xx_hal_timebase_tim.o
 .debug_aranges
                0x00000000000000d0       0x50 ./Core/Src/stm32h7xx_it.o
 .debug_aranges
                0x0000000000000120       0x28 ./Core/Startup/startup_stm32h745zitx.o
 .debug_aranges
                0x0000000000000148      0x200 ./Drivers/STM32H7xx_HAL_Driver/stm32h7xx_hal.o
 .debug_aranges
                0x0000000000000348      0x120 ./Drivers/STM32H7xx_HAL_Driver/stm32h7xx_hal_cortex.o
 .debug_aranges
                0x0000000000000468       0x58 ./Drivers/STM32H7xx_HAL_Driver/stm32h7xx_hal_gpio.o
 .debug_aranges
                0x00000000000004c0       0x70 ./Drivers/STM32H7xx_HAL_Driver/stm32h7xx_hal_hsem.o
 .debug_aranges
                0x0000000000000530      0x170 ./Drivers/STM32H7xx_HAL_Driver/stm32h7xx_hal_pwr_ex.o
 .debug_aranges
                0x00000000000006a0       0x88 ./Drivers/STM32H7xx_HAL_Driver/stm32h7xx_hal_rcc.o
 .debug_aranges
                0x0000000000000728      0x3e0 ./Drivers/STM32H7xx_HAL_Driver/stm32h7xx_hal_tim.o
 .debug_aranges
                0x0000000000000b08      0x188 ./Drivers/STM32H7xx_HAL_Driver/stm32h7xx_hal_tim_ex.o
 .debug_aranges
                0x0000000000000c90      0x2b0 ./Middlewares/Third_Party/FreeRTOS/cmsis_os2.o
 .debug_aranges
                0x0000000000000f40       0x58 ./Middlewares/Third_Party/FreeRTOS/heap_4.o
 .debug_aranges
                0x0000000000000f98       0x40 ./Middlewares/Third_Party/FreeRTOS/list.o
 .debug_aranges
                0x0000000000000fd8       0x80 ./Middlewares/Third_Party/FreeRTOS/port.o
 .debug_aranges
                0x0000000000001058      0x158 ./Middlewares/Third_Party/FreeRTOS/queue.o
 .debug_aranges
                0x00000000000011b0      0x208 ./Middlewares/Third_Party/FreeRTOS/tasks.o
 .debug_aranges
                0x00000000000013b8       0xf0 ./Middlewares/Third_Party/FreeRTOS/timers.o

.debug_ranges   0x0000000000000000     0x1360
 .debug_ranges  0x0000000000000000       0x18 ./Common/Src/system_stm32h7xx_dualcore_boot_cm4_cm7.o
 .debug_ranges  0x0000000000000018       0x38 ./Core/Src/main.o
 .debug_ranges  0x0000000000000050       0x20 ./Core/Src/stm32h7xx_hal_msp.o
 .debug_ranges  0x0000000000000070       0x20 ./Core/Src/stm32h7xx_hal_timebase_tim.o
 .debug_ranges  0x0000000000000090       0x40 ./Core/Src/stm32h7xx_it.o
 .debug_ranges  0x00000000000000d0       0x20 ./Core/Startup/startup_stm32h745zitx.o
 .debug_ranges  0x00000000000000f0      0x1f0 ./Drivers/STM32H7xx_HAL_Driver/stm32h7xx_hal.o
 .debug_ranges  0x00000000000002e0      0x110 ./Drivers/STM32H7xx_HAL_Driver/stm32h7xx_hal_cortex.o
 .debug_ranges  0x00000000000003f0       0x48 ./Drivers/STM32H7xx_HAL_Driver/stm32h7xx_hal_gpio.o
 .debug_ranges  0x0000000000000438       0x60 ./Drivers/STM32H7xx_HAL_Driver/stm32h7xx_hal_hsem.o
 .debug_ranges  0x0000000000000498      0x160 ./Drivers/STM32H7xx_HAL_Driver/stm32h7xx_hal_pwr_ex.o
 .debug_ranges  0x00000000000005f8       0x78 ./Drivers/STM32H7xx_HAL_Driver/stm32h7xx_hal_rcc.o
 .debug_ranges  0x0000000000000670      0x3d0 ./Drivers/STM32H7xx_HAL_Driver/stm32h7xx_hal_tim.o
 .debug_ranges  0x0000000000000a40      0x178 ./Drivers/STM32H7xx_HAL_Driver/stm32h7xx_hal_tim_ex.o
 .debug_ranges  0x0000000000000bb8      0x2a0 ./Middlewares/Third_Party/FreeRTOS/cmsis_os2.o
 .debug_ranges  0x0000000000000e58       0x48 ./Middlewares/Third_Party/FreeRTOS/heap_4.o
 .debug_ranges  0x0000000000000ea0       0x30 ./Middlewares/Third_Party/FreeRTOS/list.o
 .debug_ranges  0x0000000000000ed0       0x70 ./Middlewares/Third_Party/FreeRTOS/port.o
 .debug_ranges  0x0000000000000f40      0x148 ./Middlewares/Third_Party/FreeRTOS/queue.o
 .debug_ranges  0x0000000000001088      0x1f8 ./Middlewares/Third_Party/FreeRTOS/tasks.o
 .debug_ranges  0x0000000000001280       0xe0 ./Middlewares/Third_Party/FreeRTOS/timers.o

.debug_macro    0x0000000000000000    0x3a82e
 .debug_macro   0x0000000000000000      0x2aa ./Common/Src/system_stm32h7xx_dualcore_boot_cm4_cm7.o
 .debug_macro   0x00000000000002aa      0xa7e ./Common/Src/system_stm32h7xx_dualcore_boot_cm4_cm7.o
 .debug_macro   0x0000000000000d28       0x2e ./Common/Src/system_stm32h7xx_dualcore_boot_cm4_cm7.o
 .debug_macro   0x0000000000000d56       0x3b ./Common/Src/system_stm32h7xx_dualcore_boot_cm4_cm7.o
 .debug_macro   0x0000000000000d91       0x22 ./Common/Src/system_stm32h7xx_dualcore_boot_cm4_cm7.o
 .debug_macro   0x0000000000000db3       0x8e ./Common/Src/system_stm32h7xx_dualcore_boot_cm4_cm7.o
 .debug_macro   0x0000000000000e41       0x51 ./Common/Src/system_stm32h7xx_dualcore_boot_cm4_cm7.o
 .debug_macro   0x0000000000000e92      0x103 ./Common/Src/system_stm32h7xx_dualcore_boot_cm4_cm7.o
 .debug_macro   0x0000000000000f95       0x6a ./Common/Src/system_stm32h7xx_dualcore_boot_cm4_cm7.o
 .debug_macro   0x0000000000000fff      0x1df ./Common/Src/system_stm32h7xx_dualcore_boot_cm4_cm7.o
 .debug_macro   0x00000000000011de       0x1c ./Common/Src/system_stm32h7xx_dualcore_boot_cm4_cm7.o
 .debug_macro   0x00000000000011fa       0x22 ./Common/Src/system_stm32h7xx_dualcore_boot_cm4_cm7.o
 .debug_macro   0x000000000000121c       0xfb ./Common/Src/system_stm32h7xx_dualcore_boot_cm4_cm7.o
 .debug_macro   0x0000000000001317     0x1011 ./Common/Src/system_stm32h7xx_dualcore_boot_cm4_cm7.o
 .debug_macro   0x0000000000002328      0x11f ./Common/Src/system_stm32h7xx_dualcore_boot_cm4_cm7.o
 .debug_macro   0x0000000000002447    0x26d3b ./Common/Src/system_stm32h7xx_dualcore_boot_cm4_cm7.o
 .debug_macro   0x0000000000029182       0x6d ./Common/Src/system_stm32h7xx_dualcore_boot_cm4_cm7.o
 .debug_macro   0x00000000000291ef      0x238 ./Common/Src/system_stm32h7xx_dualcore_boot_cm4_cm7.o
 .debug_macro   0x0000000000029427     0x3d22 ./Common/Src/system_stm32h7xx_dualcore_boot_cm4_cm7.o
 .debug_macro   0x000000000002d149      0x174 ./Common/Src/system_stm32h7xx_dualcore_boot_cm4_cm7.o
 .debug_macro   0x000000000002d2bd       0x52 ./Common/Src/system_stm32h7xx_dualcore_boot_cm4_cm7.o
 .debug_macro   0x000000000002d30f       0x1e ./Common/Src/system_stm32h7xx_dualcore_boot_cm4_cm7.o
 .debug_macro   0x000000000002d32d       0x3c ./Common/Src/system_stm32h7xx_dualcore_boot_cm4_cm7.o
 .debug_macro   0x000000000002d369       0x34 ./Common/Src/system_stm32h7xx_dualcore_boot_cm4_cm7.o
 .debug_macro   0x000000000002d39d       0x16 ./Common/Src/system_stm32h7xx_dualcore_boot_cm4_cm7.o
 .debug_macro   0x000000000002d3b3       0x43 ./Common/Src/system_stm32h7xx_dualcore_boot_cm4_cm7.o
 .debug_macro   0x000000000002d3f6       0x34 ./Common/Src/system_stm32h7xx_dualcore_boot_cm4_cm7.o
 .debug_macro   0x000000000002d42a       0x10 ./Common/Src/system_stm32h7xx_dualcore_boot_cm4_cm7.o
 .debug_macro   0x000000000002d43a       0x58 ./Common/Src/system_stm32h7xx_dualcore_boot_cm4_cm7.o
 .debug_macro   0x000000000002d492       0x71 ./Common/Src/system_stm32h7xx_dualcore_boot_cm4_cm7.o
 .debug_macro   0x000000000002d503       0x1c ./Common/Src/system_stm32h7xx_dualcore_boot_cm4_cm7.o
 .debug_macro   0x000000000002d51f      0x12a ./Common/Src/system_stm32h7xx_dualcore_boot_cm4_cm7.o
 .debug_macro   0x000000000002d649      0x341 ./Common/Src/system_stm32h7xx_dualcore_boot_cm4_cm7.o
 .debug_macro   0x000000000002d98a      0x19b ./Common/Src/system_stm32h7xx_dualcore_boot_cm4_cm7.o
 .debug_macro   0x000000000002db25       0x5d ./Common/Src/system_stm32h7xx_dualcore_boot_cm4_cm7.o
 .debug_macro   0x000000000002db82     0x3a9d ./Common/Src/system_stm32h7xx_dualcore_boot_cm4_cm7.o
 .debug_macro   0x000000000003161f     0x1048 ./Common/Src/system_stm32h7xx_dualcore_boot_cm4_cm7.o
 .debug_macro   0x0000000000032667      0x14d ./Common/Src/system_stm32h7xx_dualcore_boot_cm4_cm7.o
 .debug_macro   0x00000000000327b4      0x130 ./Common/Src/system_stm32h7xx_dualcore_boot_cm4_cm7.o
 .debug_macro   0x00000000000328e4      0x3be ./Common/Src/system_stm32h7xx_dualcore_boot_cm4_cm7.o
 .debug_macro   0x0000000000032ca2       0xac ./Common/Src/system_stm32h7xx_dualcore_boot_cm4_cm7.o
 .debug_macro   0x0000000000032d4e      0x72d ./Common/Src/system_stm32h7xx_dualcore_boot_cm4_cm7.o
 .debug_macro   0x000000000003347b      0x228 ./Common/Src/system_stm32h7xx_dualcore_boot_cm4_cm7.o
 .debug_macro   0x00000000000336a3       0x66 ./Common/Src/system_stm32h7xx_dualcore_boot_cm4_cm7.o
 .debug_macro   0x0000000000033709      0x3bb ./Common/Src/system_stm32h7xx_dualcore_boot_cm4_cm7.o
 .debug_macro   0x0000000000033ac4      0x407 ./Common/Src/system_stm32h7xx_dualcore_boot_cm4_cm7.o
 .debug_macro   0x0000000000033ecb      0x244 ./Common/Src/system_stm32h7xx_dualcore_boot_cm4_cm7.o
 .debug_macro   0x000000000003410f      0x3ca ./Common/Src/system_stm32h7xx_dualcore_boot_cm4_cm7.o
 .debug_macro   0x00000000000344d9      0x4a2 ./Common/Src/system_stm32h7xx_dualcore_boot_cm4_cm7.o
 .debug_macro   0x000000000003497b       0x51 ./Common/Src/system_stm32h7xx_dualcore_boot_cm4_cm7.o
 .debug_macro   0x00000000000349cc       0x4a ./Common/Src/system_stm32h7xx_dualcore_boot_cm4_cm7.o
 .debug_macro   0x0000000000034a16      0x22c ./Common/Src/system_stm32h7xx_dualcore_boot_cm4_cm7.o
 .debug_macro   0x0000000000034c42       0x67 ./Common/Src/system_stm32h7xx_dualcore_boot_cm4_cm7.o
 .debug_macro   0x0000000000034ca9       0xa5 ./Common/Src/system_stm32h7xx_dualcore_boot_cm4_cm7.o
 .debug_macro   0x0000000000034d4e      0x218 ./Common/Src/system_stm32h7xx_dualcore_boot_cm4_cm7.o
 .debug_macro   0x0000000000034f66      0x2ea ./Common/Src/system_stm32h7xx_dualcore_boot_cm4_cm7.o
 .debug_macro   0x0000000000035250       0x35 ./Common/Src/system_stm32h7xx_dualcore_boot_cm4_cm7.o
 .debug_macro   0x0000000000035285      0xaec ./Common/Src/system_stm32h7xx_dualcore_boot_cm4_cm7.o
 .debug_macro   0x0000000000035d71      0x29f ./Common/Src/system_stm32h7xx_dualcore_boot_cm4_cm7.o
 .debug_macro   0x0000000000036010      0x67e ./Common/Src/system_stm32h7xx_dualcore_boot_cm4_cm7.o
 .debug_macro   0x000000000003668e       0xa6 ./Common/Src/system_stm32h7xx_dualcore_boot_cm4_cm7.o
 .debug_macro   0x0000000000036734      0x798 ./Common/Src/system_stm32h7xx_dualcore_boot_cm4_cm7.o
 .debug_macro   0x0000000000036ecc      0x361 ./Core/Src/main.o
 .debug_macro   0x000000000003722d      0x16f ./Core/Src/main.o
 .debug_macro   0x000000000003739c       0x16 ./Core/Src/main.o
 .debug_macro   0x00000000000373b2       0x66 ./Core/Src/main.o
 .debug_macro   0x0000000000037418       0x74 ./Core/Src/main.o
 .debug_macro   0x000000000003748c       0xdd ./Core/Src/main.o
 .debug_macro   0x0000000000037569      0x2b9 ./Core/Src/stm32h7xx_hal_msp.o
 .debug_macro   0x0000000000037822      0x2aa ./Core/Src/stm32h7xx_hal_timebase_tim.o
 .debug_macro   0x0000000000037acc      0x2c3 ./Core/Src/stm32h7xx_it.o
 .debug_macro   0x0000000000037d8f      0x2d4 ./Drivers/STM32H7xx_HAL_Driver/stm32h7xx_hal.o
 .debug_macro   0x0000000000038063      0x2aa ./Drivers/STM32H7xx_HAL_Driver/stm32h7xx_hal_cortex.o
 .debug_macro   0x000000000003830d      0x2be ./Drivers/STM32H7xx_HAL_Driver/stm32h7xx_hal_gpio.o
 .debug_macro   0x00000000000385cb      0x2bc ./Drivers/STM32H7xx_HAL_Driver/stm32h7xx_hal_hsem.o
 .debug_macro   0x0000000000038887      0x2e3 ./Drivers/STM32H7xx_HAL_Driver/stm32h7xx_hal_pwr_ex.o
 .debug_macro   0x0000000000038b6a      0x2ce ./Drivers/STM32H7xx_HAL_Driver/stm32h7xx_hal_rcc.o
 .debug_macro   0x0000000000038e38      0x2ab ./Drivers/STM32H7xx_HAL_Driver/stm32h7xx_hal_tim.o
 .debug_macro   0x00000000000390e3      0x2aa ./Drivers/STM32H7xx_HAL_Driver/stm32h7xx_hal_tim_ex.o
 .debug_macro   0x000000000003938d      0x41b ./Middlewares/Third_Party/FreeRTOS/cmsis_os2.o
 .debug_macro   0x00000000000397a8       0x10 ./Middlewares/Third_Party/FreeRTOS/cmsis_os2.o
 .debug_macro   0x00000000000397b8       0x20 ./Middlewares/Third_Party/FreeRTOS/cmsis_os2.o
 .debug_macro   0x00000000000397d8       0x10 ./Middlewares/Third_Party/FreeRTOS/cmsis_os2.o
 .debug_macro   0x00000000000397e8       0xf5 ./Middlewares/Third_Party/FreeRTOS/cmsis_os2.o
 .debug_macro   0x00000000000398dd       0x91 ./Middlewares/Third_Party/FreeRTOS/cmsis_os2.o
 .debug_macro   0x000000000003996e       0x8d ./Middlewares/Third_Party/FreeRTOS/cmsis_os2.o
 .debug_macro   0x00000000000399fb       0x9a ./Middlewares/Third_Party/FreeRTOS/cmsis_os2.o
 .debug_macro   0x0000000000039a95       0x22 ./Middlewares/Third_Party/FreeRTOS/cmsis_os2.o
 .debug_macro   0x0000000000039ab7      0x1c0 ./Middlewares/Third_Party/FreeRTOS/heap_4.o
 .debug_macro   0x0000000000039c77      0x199 ./Middlewares/Third_Party/FreeRTOS/list.o
 .debug_macro   0x0000000000039e10      0x233 ./Middlewares/Third_Party/FreeRTOS/port.o
 .debug_macro   0x000000000003a043      0x228 ./Middlewares/Third_Party/FreeRTOS/queue.o
 .debug_macro   0x000000000003a26b       0x16 ./Middlewares/Third_Party/FreeRTOS/queue.o
 .debug_macro   0x000000000003a281       0x87 ./Middlewares/Third_Party/FreeRTOS/queue.o
 .debug_macro   0x000000000003a308      0x291 ./Middlewares/Third_Party/FreeRTOS/tasks.o
 .debug_macro   0x000000000003a599       0x10 ./Middlewares/Third_Party/FreeRTOS/tasks.o
 .debug_macro   0x000000000003a5a9      0x1ee ./Middlewares/Third_Party/FreeRTOS/timers.o
 .debug_macro   0x000000000003a797       0x97 ./Middlewares/Third_Party/FreeRTOS/timers.o

.debug_line     0x0000000000000000    0x1658b
 .debug_line    0x0000000000000000      0x9cd ./Common/Src/system_stm32h7xx_dualcore_boot_cm4_cm7.o
 .debug_line    0x00000000000009cd      0xace ./Core/Src/main.o
 .debug_line    0x000000000000149b      0x8a3 ./Core/Src/stm32h7xx_hal_msp.o
 .debug_line    0x0000000000001d3e      0x8cb ./Core/Src/stm32h7xx_hal_timebase_tim.o
 .debug_line    0x0000000000002609      0x8f4 ./Core/Src/stm32h7xx_it.o
 .debug_line    0x0000000000002efd       0x88 ./Core/Startup/startup_stm32h745zitx.o
 .debug_line    0x0000000000002f85      0xf8e ./Drivers/STM32H7xx_HAL_Driver/stm32h7xx_hal.o
 .debug_line    0x0000000000003f13      0xe3e ./Drivers/STM32H7xx_HAL_Driver/stm32h7xx_hal_cortex.o
 .debug_line    0x0000000000004d51      0xcf1 ./Drivers/STM32H7xx_HAL_Driver/stm32h7xx_hal_gpio.o
 .debug_line    0x0000000000005a42      0x9ee ./Drivers/STM32H7xx_HAL_Driver/stm32h7xx_hal_hsem.o
 .debug_line    0x0000000000006430     0x1059 ./Drivers/STM32H7xx_HAL_Driver/stm32h7xx_hal_pwr_ex.o
 .debug_line    0x0000000000007489     0x139a ./Drivers/STM32H7xx_HAL_Driver/stm32h7xx_hal_rcc.o
 .debug_line    0x0000000000008823     0x3ef6 ./Drivers/STM32H7xx_HAL_Driver/stm32h7xx_hal_tim.o
 .debug_line    0x000000000000c719     0x1dd2 ./Drivers/STM32H7xx_HAL_Driver/stm32h7xx_hal_tim_ex.o
 .debug_line    0x000000000000e4eb     0x245e ./Middlewares/Third_Party/FreeRTOS/cmsis_os2.o
 .debug_line    0x0000000000010949      0x95f ./Middlewares/Third_Party/FreeRTOS/heap_4.o
 .debug_line    0x00000000000112a8      0x735 ./Middlewares/Third_Party/FreeRTOS/list.o
 .debug_line    0x00000000000119dd      0x93d ./Middlewares/Third_Party/FreeRTOS/port.o
 .debug_line    0x000000000001231a     0x16ff ./Middlewares/Third_Party/FreeRTOS/queue.o
 .debug_line    0x0000000000013a19     0x1ddd ./Middlewares/Third_Party/FreeRTOS/tasks.o
 .debug_line    0x00000000000157f6      0xd95 ./Middlewares/Third_Party/FreeRTOS/timers.o

.debug_str      0x0000000000000000   0x18b66d
 .debug_str     0x0000000000000000   0x17bdba ./Common/Src/system_stm32h7xx_dualcore_boot_cm4_cm7.o
                                     0x17c213 (size before relaxing)
 .debug_str     0x000000000017bdba     0x5958 ./Core/Src/main.o
                                     0x181baa (size before relaxing)
 .debug_str     0x0000000000181712      0xb7e ./Core/Src/stm32h7xx_hal_msp.o
                                     0x17d333 (size before relaxing)
 .debug_str     0x0000000000182290      0x19c ./Core/Src/stm32h7xx_hal_timebase_tim.o
                                     0x17d131 (size before relaxing)
 .debug_str     0x000000000018242c       0xb9 ./Core/Src/stm32h7xx_it.o
                                     0x17c615 (size before relaxing)
 .debug_str     0x00000000001824e5       0x36 ./Core/Startup/startup_stm32h745zitx.o
                                         0x6a (size before relaxing)
 .debug_str     0x000000000018251b      0xa51 ./Drivers/STM32H7xx_HAL_Driver/stm32h7xx_hal.o
                                     0x17d57a (size before relaxing)
 .debug_str     0x0000000000182f6c      0x363 ./Drivers/STM32H7xx_HAL_Driver/stm32h7xx_hal_cortex.o
                                     0x17ccc8 (size before relaxing)
 .debug_str     0x00000000001832cf      0x145 ./Drivers/STM32H7xx_HAL_Driver/stm32h7xx_hal_gpio.o
                                     0x17c468 (size before relaxing)
 .debug_str     0x0000000000183414      0x1ca ./Drivers/STM32H7xx_HAL_Driver/stm32h7xx_hal_hsem.o
                                     0x17c0f3 (size before relaxing)
 .debug_str     0x00000000001835de      0x6c2 ./Drivers/STM32H7xx_HAL_Driver/stm32h7xx_hal_pwr_ex.o
                                     0x17c8be (size before relaxing)
 .debug_str     0x0000000000183ca0      0x475 ./Drivers/STM32H7xx_HAL_Driver/stm32h7xx_hal_rcc.o
                                     0x17c7e9 (size before relaxing)
 .debug_str     0x0000000000184115      0xebe ./Drivers/STM32H7xx_HAL_Driver/stm32h7xx_hal_tim.o
                                     0x17d565 (size before relaxing)
 .debug_str     0x0000000000184fd3      0x63c ./Drivers/STM32H7xx_HAL_Driver/stm32h7xx_hal_tim_ex.o
                                     0x17ce9d (size before relaxing)
 .debug_str     0x000000000018560f     0x33be ./Middlewares/Third_Party/FreeRTOS/cmsis_os2.o
                                     0x1842c5 (size before relaxing)
 .debug_str     0x00000000001889cd      0x49c ./Middlewares/Third_Party/FreeRTOS/heap_4.o
                                       0xafed (size before relaxing)
 .debug_str     0x0000000000188e69      0x149 ./Middlewares/Third_Party/FreeRTOS/list.o
                                       0xa6ab (size before relaxing)
 .debug_str     0x0000000000188fb2      0x845 ./Middlewares/Third_Party/FreeRTOS/port.o
                                       0x9fc7 (size before relaxing)
 .debug_str     0x00000000001897f7      0x83f ./Middlewares/Third_Party/FreeRTOS/queue.o
                                       0xc1eb (size before relaxing)
 .debug_str     0x000000000018a036     0x106a ./Middlewares/Third_Party/FreeRTOS/tasks.o
                                       0xd06e (size before relaxing)
 .debug_str     0x000000000018b0a0      0x5cd ./Middlewares/Third_Party/FreeRTOS/timers.o
                                       0xca7b (size before relaxing)

.comment        0x0000000000000000       0x50
 .comment       0x0000000000000000       0x50 ./Common/Src/system_stm32h7xx_dualcore_boot_cm4_cm7.o
                                         0x51 (size before relaxing)
 .comment       0x0000000000000050       0x51 ./Core/Src/main.o
 .comment       0x0000000000000050       0x51 ./Core/Src/stm32h7xx_hal_msp.o
 .comment       0x0000000000000050       0x51 ./Core/Src/stm32h7xx_hal_timebase_tim.o
 .comment       0x0000000000000050       0x51 ./Core/Src/stm32h7xx_it.o
 .comment       0x0000000000000050       0x51 ./Drivers/STM32H7xx_HAL_Driver/stm32h7xx_hal.o
 .comment       0x0000000000000050       0x51 ./Drivers/STM32H7xx_HAL_Driver/stm32h7xx_hal_cortex.o
 .comment       0x0000000000000050       0x51 ./Drivers/STM32H7xx_HAL_Driver/stm32h7xx_hal_gpio.o
 .comment       0x0000000000000050       0x51 ./Drivers/STM32H7xx_HAL_Driver/stm32h7xx_hal_hsem.o
 .comment       0x0000000000000050       0x51 ./Drivers/STM32H7xx_HAL_Driver/stm32h7xx_hal_pwr_ex.o
 .comment       0x0000000000000050       0x51 ./Drivers/STM32H7xx_HAL_Driver/stm32h7xx_hal_rcc.o
 .comment       0x0000000000000050       0x51 ./Drivers/STM32H7xx_HAL_Driver/stm32h7xx_hal_tim.o
 .comment       0x0000000000000050       0x51 ./Drivers/STM32H7xx_HAL_Driver/stm32h7xx_hal_tim_ex.o
 .comment       0x0000000000000050       0x51 ./Middlewares/Third_Party/FreeRTOS/cmsis_os2.o
 .comment       0x0000000000000050       0x51 ./Middlewares/Third_Party/FreeRTOS/heap_4.o
 .comment       0x0000000000000050       0x51 ./Middlewares/Third_Party/FreeRTOS/list.o
 .comment       0x0000000000000050       0x51 ./Middlewares/Third_Party/FreeRTOS/port.o
 .comment       0x0000000000000050       0x51 ./Middlewares/Third_Party/FreeRTOS/queue.o
 .comment       0x0000000000000050       0x51 ./Middlewares/Third_Party/FreeRTOS/tasks.o
 .comment       0x0000000000000050       0x51 ./Middlewares/Third_Party/FreeRTOS/timers.o

.debug_frame    0x0000000000000000     0x59a8
 .debug_frame   0x0000000000000000       0x58 ./Common/Src/system_stm32h7xx_dualcore_boot_cm4_cm7.o
 .debug_frame   0x0000000000000058       0xcc ./Core/Src/main.o
 .debug_frame   0x0000000000000124       0x80 ./Core/Src/stm32h7xx_hal_msp.o
 .debug_frame   0x00000000000001a4       0x74 ./Core/Src/stm32h7xx_hal_timebase_tim.o
 .debug_frame   0x0000000000000218       0xc4 ./Core/Src/stm32h7xx_it.o
 .debug_frame   0x00000000000002dc      0x848 ./Drivers/STM32H7xx_HAL_Driver/stm32h7xx_hal.o
 .debug_frame   0x0000000000000b24      0x4b8 ./Drivers/STM32H7xx_HAL_Driver/stm32h7xx_hal_cortex.o
 .debug_frame   0x0000000000000fdc      0x14c ./Drivers/STM32H7xx_HAL_Driver/stm32h7xx_hal_gpio.o
 .debug_frame   0x0000000000001128      0x1bc ./Drivers/STM32H7xx_HAL_Driver/stm32h7xx_hal_hsem.o
 .debug_frame   0x00000000000012e4      0x5ec ./Drivers/STM32H7xx_HAL_Driver/stm32h7xx_hal_pwr_ex.o
 .debug_frame   0x00000000000018d0      0x1f8 ./Drivers/STM32H7xx_HAL_Driver/stm32h7xx_hal_rcc.o
 .debug_frame   0x0000000000001ac8     0x121c ./Drivers/STM32H7xx_HAL_Driver/stm32h7xx_hal_tim.o
 .debug_frame   0x0000000000002ce4      0x6d8 ./Drivers/STM32H7xx_HAL_Driver/stm32h7xx_hal_tim_ex.o
 .debug_frame   0x00000000000033bc      0xbe4 ./Middlewares/Third_Party/FreeRTOS/cmsis_os2.o
 .debug_frame   0x0000000000003fa0      0x12c ./Middlewares/Third_Party/FreeRTOS/heap_4.o
 .debug_frame   0x00000000000040cc       0xd8 ./Middlewares/Third_Party/FreeRTOS/list.o
 .debug_frame   0x00000000000041a4      0x1a8 ./Middlewares/Third_Party/FreeRTOS/port.o
 .debug_frame   0x000000000000434c      0x5ec ./Middlewares/Third_Party/FreeRTOS/queue.o
 .debug_frame   0x0000000000004938      0x8f0 ./Middlewares/Third_Party/FreeRTOS/tasks.o
 .debug_frame   0x0000000000005228      0x400 ./Middlewares/Third_Party/FreeRTOS/timers.o
 .debug_frame   0x0000000000005628      0x14c c:/st/stm32cubeide_1.10.1/stm32cubeide/plugins/com.st.stm32cube.ide.mcu.externaltools.gnu-tools-for-stm32.10.3-2021.10.win32_1.0.0.202111181127/tools/bin/../lib/gcc/arm-none-eabi/10.3.1/../../../../arm-none-eabi/lib/thumb/v7e-m+fp/hard\libc_nano.a(lib_a-findfp.o)
 .debug_frame   0x0000000000005774       0x2c c:/st/stm32cubeide_1.10.1/stm32cubeide/plugins/com.st.stm32cube.ide.mcu.externaltools.gnu-tools-for-stm32.10.3-2021.10.win32_1.0.0.202111181127/tools/bin/../lib/gcc/arm-none-eabi/10.3.1/../../../../arm-none-eabi/lib/thumb/v7e-m+fp/hard\libc_nano.a(lib_a-init.o)
 .debug_frame   0x00000000000057a0       0xb0 c:/st/stm32cubeide_1.10.1/stm32cubeide/plugins/com.st.stm32cube.ide.mcu.externaltools.gnu-tools-for-stm32.10.3-2021.10.win32_1.0.0.202111181127/tools/bin/../lib/gcc/arm-none-eabi/10.3.1/../../../../arm-none-eabi/lib/thumb/v7e-m+fp/hard\libc_nano.a(lib_a-lock.o)
 .debug_frame   0x0000000000005850       0x28 c:/st/stm32cubeide_1.10.1/stm32cubeide/plugins/com.st.stm32cube.ide.mcu.externaltools.gnu-tools-for-stm32.10.3-2021.10.win32_1.0.0.202111181127/tools/bin/../lib/gcc/arm-none-eabi/10.3.1/../../../../arm-none-eabi/lib/thumb/v7e-m+fp/hard\libc_nano.a(lib_a-memcpy-stub.o)
 .debug_frame   0x0000000000005878       0x20 c:/st/stm32cubeide_1.10.1/stm32cubeide/plugins/com.st.stm32cube.ide.mcu.externaltools.gnu-tools-for-stm32.10.3-2021.10.win32_1.0.0.202111181127/tools/bin/../lib/gcc/arm-none-eabi/10.3.1/../../../../arm-none-eabi/lib/thumb/v7e-m+fp/hard\libc_nano.a(lib_a-memset.o)